Archive member included to satisfy reference by file (symbol)

../blinky_bsp/\libhal_bsp.a(alt_load.o)
                              ../blinky_bsp//obj/HAL/src/crt0.o (alt_load)
../blinky_bsp/\libhal_bsp.a(alt_main.o)
                              ../blinky_bsp//obj/HAL/src/crt0.o (alt_main)
../blinky_bsp/\libhal_bsp.a(alt_sys_init.o)
                              ../blinky_bsp/\libhal_bsp.a(alt_main.o) (alt_irq_init)
../blinky_bsp/\libhal_bsp.a(altera_avalon_jtag_uart_fd.o)
                              ../blinky_bsp/\libhal_bsp.a(alt_sys_init.o) (altera_avalon_jtag_uart_read_fd)
../blinky_bsp/\libhal_bsp.a(altera_avalon_jtag_uart_init.o)
                              ../blinky_bsp/\libhal_bsp.a(alt_sys_init.o) (altera_avalon_jtag_uart_init)
../blinky_bsp/\libhal_bsp.a(altera_avalon_jtag_uart_ioctl.o)
                              ../blinky_bsp/\libhal_bsp.a(altera_avalon_jtag_uart_fd.o) (altera_avalon_jtag_uart_ioctl)
../blinky_bsp/\libhal_bsp.a(altera_avalon_jtag_uart_read.o)
                              ../blinky_bsp/\libhal_bsp.a(altera_avalon_jtag_uart_fd.o) (altera_avalon_jtag_uart_read)
../blinky_bsp/\libhal_bsp.a(altera_avalon_jtag_uart_write.o)
                              ../blinky_bsp/\libhal_bsp.a(altera_avalon_jtag_uart_fd.o) (altera_avalon_jtag_uart_write)
../blinky_bsp/\libhal_bsp.a(alt_alarm_start.o)
                              ../blinky_bsp/\libhal_bsp.a(altera_avalon_jtag_uart_init.o) (alt_alarm_start)
../blinky_bsp/\libhal_bsp.a(alt_close.o)
                              ../blinky_bsp/\libhal_bsp.a(alt_main.o) (close)
../blinky_bsp/\libhal_bsp.a(alt_dcache_flush_all.o)
                              ../blinky_bsp/\libhal_bsp.a(alt_load.o) (alt_dcache_flush_all)
../blinky_bsp/\libhal_bsp.a(alt_dev.o)
                              ../blinky_bsp/\libhal_bsp.a(alt_sys_init.o) (alt_dev_list)
../blinky_bsp/\libhal_bsp.a(alt_dev_llist_insert.o)
                              ../blinky_bsp/\libhal_bsp.a(alt_sys_init.o) (alt_dev_llist_insert)
../blinky_bsp/\libhal_bsp.a(alt_do_ctors.o)
                              ../blinky_bsp/\libhal_bsp.a(alt_main.o) (_do_ctors)
../blinky_bsp/\libhal_bsp.a(alt_do_dtors.o)
                              ../blinky_bsp/\libhal_bsp.a(alt_main.o) (_do_dtors)
../blinky_bsp/\libhal_bsp.a(alt_errno.o)
                              ../blinky_bsp/\libhal_bsp.a(alt_close.o) (alt_errno)
../blinky_bsp/\libhal_bsp.a(alt_icache_flush_all.o)
                              ../blinky_bsp/\libhal_bsp.a(alt_load.o) (alt_icache_flush_all)
../blinky_bsp/\libhal_bsp.a(alt_iic.o)
                              ../blinky_bsp/\libhal_bsp.a(altera_avalon_jtag_uart_init.o) (alt_ic_isr_register)
../blinky_bsp/\libhal_bsp.a(alt_iic_isr_register.o)
                              ../blinky_bsp/\libhal_bsp.a(alt_iic.o) (alt_iic_isr_register)
../blinky_bsp/\libhal_bsp.a(alt_io_redirect.o)
                              ../blinky_bsp/\libhal_bsp.a(alt_main.o) (alt_io_redirect)
../blinky_bsp/\libhal_bsp.a(alt_irq_entry.o)
                              ../blinky_bsp/\libhal_bsp.a(alt_iic_isr_register.o) (alt_irq_entry)
../blinky_bsp/\libhal_bsp.a(alt_irq_handler.o)
                              ../blinky_bsp/\libhal_bsp.a(alt_iic_isr_register.o) (alt_irq)
../blinky_bsp/\libhal_bsp.a(alt_irq_vars.o)
                              ../blinky_bsp/\libhal_bsp.a(alt_iic.o) (alt_irq_active)
../blinky_bsp/\libhal_bsp.a(alt_open.o)
                              ../blinky_bsp/\libhal_bsp.a(alt_io_redirect.o) (open)
../blinky_bsp/\libhal_bsp.a(alt_release_fd.o)
                              ../blinky_bsp/\libhal_bsp.a(alt_close.o) (alt_release_fd)
../blinky_bsp/\libhal_bsp.a(alt_tick.o)
                              ../blinky_bsp/\libhal_bsp.a(altera_avalon_jtag_uart_init.o) (_alt_tick_rate)
../blinky_bsp/\libhal_bsp.a(altera_nios2_qsys_irq.o)
                              ../blinky_bsp/\libhal_bsp.a(alt_sys_init.o) (altera_nios2_qsys_irq_init)
../blinky_bsp/\libhal_bsp.a(alt_exception_entry.o)
                              ../blinky_bsp/\libhal_bsp.a(alt_irq_entry.o) (alt_exception)
../blinky_bsp/\libhal_bsp.a(alt_find_dev.o)
                              ../blinky_bsp/\libhal_bsp.a(alt_open.o) (alt_find_dev)
../blinky_bsp/\libhal_bsp.a(alt_find_file.o)
                              ../blinky_bsp/\libhal_bsp.a(alt_open.o) (alt_find_file)
../blinky_bsp/\libhal_bsp.a(alt_get_fd.o)
                              ../blinky_bsp/\libhal_bsp.a(alt_open.o) (alt_get_fd)
d:/intelfpga/17.1/nios2eds/bin/gnu/h-x86_64-mingw32/bin/../lib/gcc/nios2-elf/5.3.0/../../../../../H-x86_64-mingw32/nios2-elf/lib/mno-hw-mul\libc.a(lib_a-atexit.o)
                              ../blinky_bsp/\libhal_bsp.a(alt_main.o) (atexit)
d:/intelfpga/17.1/nios2eds/bin/gnu/h-x86_64-mingw32/bin/../lib/gcc/nios2-elf/5.3.0/../../../../../H-x86_64-mingw32/nios2-elf/lib/mno-hw-mul\libc.a(lib_a-exit.o)
                              ../blinky_bsp/\libhal_bsp.a(alt_main.o) (exit)
d:/intelfpga/17.1/nios2eds/bin/gnu/h-x86_64-mingw32/bin/../lib/gcc/nios2-elf/5.3.0/../../../../../H-x86_64-mingw32/nios2-elf/lib/mno-hw-mul\libc.a(lib_a-impure.o)
                              d:/intelfpga/17.1/nios2eds/bin/gnu/h-x86_64-mingw32/bin/../lib/gcc/nios2-elf/5.3.0/../../../../../H-x86_64-mingw32/nios2-elf/lib/mno-hw-mul\libc.a(lib_a-exit.o) (_global_impure_ptr)
d:/intelfpga/17.1/nios2eds/bin/gnu/h-x86_64-mingw32/bin/../lib/gcc/nios2-elf/5.3.0/../../../../../H-x86_64-mingw32/nios2-elf/lib/mno-hw-mul\libc.a(lib_a-int_errno.o)
                              ../blinky_bsp/\libhal_bsp.a(alt_close.o) (errno)
d:/intelfpga/17.1/nios2eds/bin/gnu/h-x86_64-mingw32/bin/../lib/gcc/nios2-elf/5.3.0/../../../../../H-x86_64-mingw32/nios2-elf/lib/mno-hw-mul\libc.a(lib_a-memcmp.o)
                              ../blinky_bsp/\libhal_bsp.a(alt_find_dev.o) (memcmp)
d:/intelfpga/17.1/nios2eds/bin/gnu/h-x86_64-mingw32/bin/../lib/gcc/nios2-elf/5.3.0/../../../../../H-x86_64-mingw32/nios2-elf/lib/mno-hw-mul\libc.a(lib_a-memcpy.o)
                              ../blinky_bsp/\libhal_bsp.a(altera_avalon_jtag_uart_read.o) (memcpy)
d:/intelfpga/17.1/nios2eds/bin/gnu/h-x86_64-mingw32/bin/../lib/gcc/nios2-elf/5.3.0/../../../../../H-x86_64-mingw32/nios2-elf/lib/mno-hw-mul\libc.a(lib_a-strlen.o)
                              ../blinky_bsp/\libhal_bsp.a(alt_find_dev.o) (strlen)
d:/intelfpga/17.1/nios2eds/bin/gnu/h-x86_64-mingw32/bin/../lib/gcc/nios2-elf/5.3.0/../../../../../H-x86_64-mingw32/nios2-elf/lib/mno-hw-mul\libc.a(lib_a-__atexit.o)
                              d:/intelfpga/17.1/nios2eds/bin/gnu/h-x86_64-mingw32/bin/../lib/gcc/nios2-elf/5.3.0/../../../../../H-x86_64-mingw32/nios2-elf/lib/mno-hw-mul\libc.a(lib_a-atexit.o) (__register_exitproc)
d:/intelfpga/17.1/nios2eds/bin/gnu/h-x86_64-mingw32/bin/../lib/gcc/nios2-elf/5.3.0/../../../../../H-x86_64-mingw32/nios2-elf/lib/mno-hw-mul\libc.a(lib_a-__call_atexit.o)
                              d:/intelfpga/17.1/nios2eds/bin/gnu/h-x86_64-mingw32/bin/../lib/gcc/nios2-elf/5.3.0/../../../../../H-x86_64-mingw32/nios2-elf/lib/mno-hw-mul\libc.a(lib_a-exit.o) (__call_exitprocs)
d:/intelfpga/17.1/nios2eds/bin/gnu/h-x86_64-mingw32/bin/../lib/gcc/nios2-elf/5.3.0/mno-hw-mul\libgcc.a(lib2-mul.o)
                              ../blinky_bsp/\libhal_bsp.a(alt_close.o) (__mulsi3)
../blinky_bsp/\libhal_bsp.a(alt_exit.o)
                              d:/intelfpga/17.1/nios2eds/bin/gnu/h-x86_64-mingw32/bin/../lib/gcc/nios2-elf/5.3.0/../../../../../H-x86_64-mingw32/nios2-elf/lib/mno-hw-mul\libc.a(lib_a-exit.o) (_exit)

Allocating common symbols
Common symbol       size              file

alt_irq             0x100             ../blinky_bsp/\libhal_bsp.a(alt_irq_handler.o)
errno               0x4               d:/intelfpga/17.1/nios2eds/bin/gnu/h-x86_64-mingw32/bin/../lib/gcc/nios2-elf/5.3.0/../../../../../H-x86_64-mingw32/nios2-elf/lib/mno-hw-mul\libc.a(lib_a-int_errno.o)

Memory Configuration

Name             Origin             Length             Attributes
reset            0x0000000000008000 0x0000000000000020
onchip_memory2_0 0x0000000000008020 0x0000000000007fe0
*default*        0x0000000000000000 0xffffffffffffffff

Linker script and memory map

LOAD ../blinky_bsp//obj/HAL/src/crt0.o
LOAD obj/default/hello_world.o
LOAD d:/intelfpga/17.1/nios2eds/bin/gnu/h-x86_64-mingw32/bin/../lib/gcc/nios2-elf/5.3.0/../../../../../H-x86_64-mingw32/nios2-elf/lib/mno-hw-mul\libstdc++.a
LOAD d:/intelfpga/17.1/nios2eds/bin/gnu/h-x86_64-mingw32/bin/../lib/gcc/nios2-elf/5.3.0/../../../../../H-x86_64-mingw32/nios2-elf/lib/mno-hw-mul\libm.a
LOAD d:/intelfpga/17.1/nios2eds/bin/gnu/h-x86_64-mingw32/bin/../lib/gcc/nios2-elf/5.3.0/mno-hw-mul\libgcc.a
START GROUP
LOAD d:/intelfpga/17.1/nios2eds/bin/gnu/h-x86_64-mingw32/bin/../lib/gcc/nios2-elf/5.3.0/../../../../../H-x86_64-mingw32/nios2-elf/lib/mno-hw-mul\libc.a
LOAD d:/intelfpga/17.1/nios2eds/bin/gnu/h-x86_64-mingw32/bin/../lib/gcc/nios2-elf/5.3.0/mno-hw-mul\libgcc.a
LOAD ../blinky_bsp/\libhal_bsp.a
LOAD d:/intelfpga/17.1/nios2eds/bin/gnu/h-x86_64-mingw32/bin/../lib/gcc/nios2-elf/5.3.0/../../../../../H-x86_64-mingw32/nios2-elf/lib/mno-hw-mul\libm.a
END GROUP
LOAD d:/intelfpga/17.1/nios2eds/bin/gnu/h-x86_64-mingw32/bin/../lib/gcc/nios2-elf/5.3.0/mno-hw-mul\libgcc.a
                0x0000000000008000                __alt_mem_onchip_memory2_0 = 0x8000

.entry          0x0000000000008000       0x20
 *(.entry)
 .entry         0x0000000000008000       0x20 ../blinky_bsp//obj/HAL/src/crt0.o
                0x0000000000008000                __reset

.exceptions     0x0000000000008020      0x1a0
                0x0000000000008020                PROVIDE (__ram_exceptions_start, ABSOLUTE (.))
                0x0000000000008020                . = ALIGN (0x20)
 *(.irq)
 *(.exceptions.entry.label)
 .exceptions.entry.label
                0x0000000000008020        0x0 ../blinky_bsp/\libhal_bsp.a(alt_irq_entry.o)
                0x0000000000008020                alt_irq_entry
 .exceptions.entry.label
                0x0000000000008020        0x0 ../blinky_bsp/\libhal_bsp.a(alt_exception_entry.o)
                0x0000000000008020                alt_exception
 *(.exceptions.entry.user)
 *(.exceptions.entry.ecc_fatal)
 *(.exceptions.entry)
 .exceptions.entry
                0x0000000000008020       0x54 ../blinky_bsp/\libhal_bsp.a(alt_exception_entry.o)
 *(.exceptions.irqtest.user)
 *(.exceptions.irqtest)
 .exceptions.irqtest
                0x0000000000008074       0x10 ../blinky_bsp/\libhal_bsp.a(alt_irq_entry.o)
 *(.exceptions.irqhandler.user)
 *(.exceptions.irqhandler)
 .exceptions.irqhandler
                0x0000000000008084        0x4 ../blinky_bsp/\libhal_bsp.a(alt_irq_entry.o)
 *(.exceptions.irqreturn.user)
 *(.exceptions.irqreturn)
 .exceptions.irqreturn
                0x0000000000008088        0x4 ../blinky_bsp/\libhal_bsp.a(alt_irq_entry.o)
 *(.exceptions.notirq.label)
 .exceptions.notirq.label
                0x000000000000808c        0x0 ../blinky_bsp/\libhal_bsp.a(alt_irq_entry.o)
 *(.exceptions.notirq.user)
 *(.exceptions.notirq)
 .exceptions.notirq
                0x000000000000808c        0x8 ../blinky_bsp/\libhal_bsp.a(alt_exception_entry.o)
 *(.exceptions.soft.user)
 *(.exceptions.soft)
 *(.exceptions.unknown.user)
 *(.exceptions.unknown)
 .exceptions.unknown
                0x0000000000008094        0x4 ../blinky_bsp/\libhal_bsp.a(alt_exception_entry.o)
 *(.exceptions.exit.label)
 .exceptions.exit.label
                0x0000000000008098        0x0 ../blinky_bsp/\libhal_bsp.a(alt_irq_entry.o)
 .exceptions.exit.label
                0x0000000000008098        0x0 ../blinky_bsp/\libhal_bsp.a(alt_exception_entry.o)
 *(.exceptions.exit.user)
 *(.exceptions.exit)
 .exceptions.exit
                0x0000000000008098       0x54 ../blinky_bsp/\libhal_bsp.a(alt_exception_entry.o)
 *(.exceptions)
 .exceptions    0x00000000000080ec       0xd4 ../blinky_bsp/\libhal_bsp.a(alt_irq_handler.o)
                0x00000000000080ec                alt_irq_handler
                0x00000000000081c0                PROVIDE (__ram_exceptions_end, ABSOLUTE (.))
                0x0000000000008020                PROVIDE (__flash_exceptions_start, LOADADDR (.exceptions))

.text           0x00000000000081c0     0x221c
                [!provide]                        PROVIDE (stext, ABSOLUTE (.))
 *(.interp)
 *(.hash)
 *(.dynsym)
 *(.dynstr)
 *(.gnu.version)
 *(.gnu.version_d)
 *(.gnu.version_r)
 *(.rel.init)
 *(.rela.init)
 *(.rel.text .rel.text.* .rel.gnu.linkonce.t.*)
 *(.rela.text .rela.text.* .rela.gnu.linkonce.t.*)
 *(.rel.fini)
 *(.rela.fini)
 *(.rel.rodata .rel.rodata.* .rel.gnu.linkonce.r.*)
 *(.rela.rodata .rela.rodata.* .rela.gnu.linkonce.r.*)
 *(.rel.data .rel.data.* .rel.gnu.linkonce.d.*)
 *(.rela.data .rela.data.* .rela.gnu.linkonce.d.*)
 *(.rel.tdata .rel.tdata.* .rel.gnu.linkonce.td.*)
 *(.rela.tdata .rela.tdata.* .rela.gnu.linkonce.td.*)
 *(.rel.tbss .rel.tbss.* .rel.gnu.linkonce.tb.*)
 *(.rela.tbss .rela.tbss.* .rela.gnu.linkonce.tb.*)
 *(.rel.ctors)
 *(.rela.ctors)
 *(.rel.dtors)
 *(.rela.dtors)
 *(.rel.got)
 *(.rela.got)
 *(.rel.sdata .rel.sdata.* .rel.gnu.linkonce.s.*)
 *(.rela.sdata .rela.sdata.* .rela.gnu.linkonce.s.*)
 *(.rel.sbss .rel.sbss.* .rel.gnu.linkonce.sb.*)
 *(.rela.sbss .rela.sbss.* .rela.gnu.linkonce.sb.*)
 *(.rel.sdata2 .rel.sdata2.* .rel.gnu.linkonce.s2.*)
 *(.rela.sdata2 .rela.sdata2.* .rela.gnu.linkonce.s2.*)
 *(.rel.sbss2 .rel.sbss2.* .rel.gnu.linkonce.sb2.*)
 *(.rela.sbss2 .rela.sbss2.* .rela.gnu.linkonce.sb2.*)
 *(.rel.bss .rel.bss.* .rel.gnu.linkonce.b.*)
 *(.rela.bss .rela.bss.* .rela.gnu.linkonce.b.*)
 *(.rel.plt)
 *(.rela.plt)
 *(.rel.dyn)
 *(.init)
 *(.plt)
 *(.text .stub .text.* .gnu.linkonce.t.*)
 .text          0x00000000000081c0       0x3c ../blinky_bsp//obj/HAL/src/crt0.o
                0x00000000000081c0                _start
 .text          0x00000000000081fc       0x48 obj/default/hello_world.o
                0x00000000000081fc                main
 .text          0x0000000000008244       0xec ../blinky_bsp/\libhal_bsp.a(alt_load.o)
                0x00000000000082ac                alt_load
 .text          0x0000000000008330       0x7c ../blinky_bsp/\libhal_bsp.a(alt_main.o)
                0x0000000000008330                alt_main
 .text          0x00000000000083ac       0xb4 ../blinky_bsp/\libhal_bsp.a(alt_sys_init.o)
                0x00000000000083e0                alt_irq_init
                0x0000000000008418                alt_sys_init
 .text          0x0000000000008460      0x164 ../blinky_bsp/\libhal_bsp.a(altera_avalon_jtag_uart_fd.o)
                0x0000000000008460                altera_avalon_jtag_uart_read_fd
                0x00000000000084c0                altera_avalon_jtag_uart_write_fd
                0x0000000000008520                altera_avalon_jtag_uart_close_fd
                0x0000000000008570                altera_avalon_jtag_uart_ioctl_fd
 .text          0x00000000000085c4      0x3d4 ../blinky_bsp/\libhal_bsp.a(altera_avalon_jtag_uart_init.o)
                0x00000000000085c4                altera_avalon_jtag_uart_init
                0x0000000000008930                altera_avalon_jtag_uart_close
 .text          0x0000000000008998       0xf0 ../blinky_bsp/\libhal_bsp.a(altera_avalon_jtag_uart_ioctl.o)
                0x0000000000008998                altera_avalon_jtag_uart_ioctl
 .text          0x0000000000008a88      0x21c ../blinky_bsp/\libhal_bsp.a(altera_avalon_jtag_uart_read.o)
                0x0000000000008a88                altera_avalon_jtag_uart_read
 .text          0x0000000000008ca4      0x224 ../blinky_bsp/\libhal_bsp.a(altera_avalon_jtag_uart_write.o)
                0x0000000000008ca4                altera_avalon_jtag_uart_write
 .text          0x0000000000008ec8      0x12c ../blinky_bsp/\libhal_bsp.a(alt_alarm_start.o)
                0x0000000000008ec8                alt_alarm_start
 .text          0x0000000000008ff4      0x114 ../blinky_bsp/\libhal_bsp.a(alt_close.o)
                0x0000000000009030                close
 .text          0x0000000000009108       0x20 ../blinky_bsp/\libhal_bsp.a(alt_dcache_flush_all.o)
                0x0000000000009108                alt_dcache_flush_all
 .text          0x0000000000009128       0x2c ../blinky_bsp/\libhal_bsp.a(alt_dev.o)
 .text          0x0000000000009154       0xe0 ../blinky_bsp/\libhal_bsp.a(alt_dev_llist_insert.o)
                0x0000000000009190                alt_dev_llist_insert
 .text          0x0000000000009234       0x60 ../blinky_bsp/\libhal_bsp.a(alt_do_ctors.o)
                0x0000000000009234                _do_ctors
 .text          0x0000000000009294       0x60 ../blinky_bsp/\libhal_bsp.a(alt_do_dtors.o)
                0x0000000000009294                _do_dtors
 .text          0x00000000000092f4        0x0 ../blinky_bsp/\libhal_bsp.a(alt_errno.o)
 .text          0x00000000000092f4       0x20 ../blinky_bsp/\libhal_bsp.a(alt_icache_flush_all.o)
                0x00000000000092f4                alt_icache_flush_all
 .text          0x0000000000009314      0x1b0 ../blinky_bsp/\libhal_bsp.a(alt_iic.o)
                0x0000000000009314                alt_ic_isr_register
                0x0000000000009364                alt_ic_irq_enable
                0x00000000000093ec                alt_ic_irq_disable
                0x0000000000009478                alt_ic_irq_enabled
 .text          0x00000000000094c4       0xf0 ../blinky_bsp/\libhal_bsp.a(alt_iic_isr_register.o)
                0x00000000000094c4                alt_iic_isr_register
 .text          0x00000000000095b4      0x160 ../blinky_bsp/\libhal_bsp.a(alt_io_redirect.o)
                0x0000000000009698                alt_io_redirect
 .text          0x0000000000009714        0x0 ../blinky_bsp/\libhal_bsp.a(alt_irq_entry.o)
 .text          0x0000000000009714        0x0 ../blinky_bsp/\libhal_bsp.a(alt_irq_handler.o)
 .text          0x0000000000009714        0x0 ../blinky_bsp/\libhal_bsp.a(alt_irq_vars.o)
 .text          0x0000000000009714      0x284 ../blinky_bsp/\libhal_bsp.a(alt_open.o)
                0x000000000000983c                open
 .text          0x0000000000009998       0x84 ../blinky_bsp/\libhal_bsp.a(alt_release_fd.o)
                0x0000000000009998                alt_release_fd
 .text          0x0000000000009a1c      0x1a4 ../blinky_bsp/\libhal_bsp.a(alt_tick.o)
                0x0000000000009a1c                alt_alarm_stop
                0x0000000000009ab8                alt_tick
 .text          0x0000000000009bc0       0x24 ../blinky_bsp/\libhal_bsp.a(altera_nios2_qsys_irq.o)
                0x0000000000009bc0                altera_nios2_qsys_irq_init
 .text          0x0000000000009be4        0x0 ../blinky_bsp/\libhal_bsp.a(alt_exception_entry.o)
 .text          0x0000000000009be4       0x90 ../blinky_bsp/\libhal_bsp.a(alt_find_dev.o)
                0x0000000000009be4                alt_find_dev
 .text          0x0000000000009c74      0x108 ../blinky_bsp/\libhal_bsp.a(alt_find_file.o)
                0x0000000000009c74                alt_find_file
 .text          0x0000000000009d7c       0xc4 ../blinky_bsp/\libhal_bsp.a(alt_get_fd.o)
                0x0000000000009d7c                alt_get_fd
 .text          0x0000000000009e40        0x0 d:/intelfpga/17.1/nios2eds/bin/gnu/h-x86_64-mingw32/bin/../lib/gcc/nios2-elf/5.3.0/../../../../../H-x86_64-mingw32/nios2-elf/lib/mno-hw-mul\libc.a(lib_a-atexit.o)
 .text.atexit   0x0000000000009e40       0x14 d:/intelfpga/17.1/nios2eds/bin/gnu/h-x86_64-mingw32/bin/../lib/gcc/nios2-elf/5.3.0/../../../../../H-x86_64-mingw32/nios2-elf/lib/mno-hw-mul\libc.a(lib_a-atexit.o)
                0x0000000000009e40                atexit
 .text          0x0000000000009e54        0x0 d:/intelfpga/17.1/nios2eds/bin/gnu/h-x86_64-mingw32/bin/../lib/gcc/nios2-elf/5.3.0/../../../../../H-x86_64-mingw32/nios2-elf/lib/mno-hw-mul\libc.a(lib_a-exit.o)
 .text.exit     0x0000000000009e54       0x38 d:/intelfpga/17.1/nios2eds/bin/gnu/h-x86_64-mingw32/bin/../lib/gcc/nios2-elf/5.3.0/../../../../../H-x86_64-mingw32/nios2-elf/lib/mno-hw-mul\libc.a(lib_a-exit.o)
                0x0000000000009e54                exit
 .text          0x0000000000009e8c        0x0 d:/intelfpga/17.1/nios2eds/bin/gnu/h-x86_64-mingw32/bin/../lib/gcc/nios2-elf/5.3.0/../../../../../H-x86_64-mingw32/nios2-elf/lib/mno-hw-mul\libc.a(lib_a-impure.o)
 .text          0x0000000000009e8c        0x0 d:/intelfpga/17.1/nios2eds/bin/gnu/h-x86_64-mingw32/bin/../lib/gcc/nios2-elf/5.3.0/../../../../../H-x86_64-mingw32/nios2-elf/lib/mno-hw-mul\libc.a(lib_a-int_errno.o)
 .text          0x0000000000009e8c        0x0 d:/intelfpga/17.1/nios2eds/bin/gnu/h-x86_64-mingw32/bin/../lib/gcc/nios2-elf/5.3.0/../../../../../H-x86_64-mingw32/nios2-elf/lib/mno-hw-mul\libc.a(lib_a-memcmp.o)
 .text.memcmp   0x0000000000009e8c       0x7c d:/intelfpga/17.1/nios2eds/bin/gnu/h-x86_64-mingw32/bin/../lib/gcc/nios2-elf/5.3.0/../../../../../H-x86_64-mingw32/nios2-elf/lib/mno-hw-mul\libc.a(lib_a-memcmp.o)
                0x0000000000009e8c                memcmp
 .text          0x0000000000009f08        0x0 d:/intelfpga/17.1/nios2eds/bin/gnu/h-x86_64-mingw32/bin/../lib/gcc/nios2-elf/5.3.0/../../../../../H-x86_64-mingw32/nios2-elf/lib/mno-hw-mul\libc.a(lib_a-memcpy.o)
 .text.memcpy   0x0000000000009f08      0x148 d:/intelfpga/17.1/nios2eds/bin/gnu/h-x86_64-mingw32/bin/../lib/gcc/nios2-elf/5.3.0/../../../../../H-x86_64-mingw32/nios2-elf/lib/mno-hw-mul\libc.a(lib_a-memcpy.o)
                0x0000000000009f08                memcpy
 .text          0x000000000000a050        0x0 d:/intelfpga/17.1/nios2eds/bin/gnu/h-x86_64-mingw32/bin/../lib/gcc/nios2-elf/5.3.0/../../../../../H-x86_64-mingw32/nios2-elf/lib/mno-hw-mul\libc.a(lib_a-strlen.o)
 .text.strlen   0x000000000000a050       0x98 d:/intelfpga/17.1/nios2eds/bin/gnu/h-x86_64-mingw32/bin/../lib/gcc/nios2-elf/5.3.0/../../../../../H-x86_64-mingw32/nios2-elf/lib/mno-hw-mul\libc.a(lib_a-strlen.o)
                0x000000000000a050                strlen
 .text          0x000000000000a0e8        0x0 d:/intelfpga/17.1/nios2eds/bin/gnu/h-x86_64-mingw32/bin/../lib/gcc/nios2-elf/5.3.0/../../../../../H-x86_64-mingw32/nios2-elf/lib/mno-hw-mul\libc.a(lib_a-__atexit.o)
 .text.__register_exitproc
                0x000000000000a0e8      0x118 d:/intelfpga/17.1/nios2eds/bin/gnu/h-x86_64-mingw32/bin/../lib/gcc/nios2-elf/5.3.0/../../../../../H-x86_64-mingw32/nios2-elf/lib/mno-hw-mul\libc.a(lib_a-__atexit.o)
                0x000000000000a0e8                __register_exitproc
 .text          0x000000000000a200        0x0 d:/intelfpga/17.1/nios2eds/bin/gnu/h-x86_64-mingw32/bin/../lib/gcc/nios2-elf/5.3.0/../../../../../H-x86_64-mingw32/nios2-elf/lib/mno-hw-mul\libc.a(lib_a-__call_atexit.o)
 .text.__call_exitprocs
                0x000000000000a200      0x180 d:/intelfpga/17.1/nios2eds/bin/gnu/h-x86_64-mingw32/bin/../lib/gcc/nios2-elf/5.3.0/../../../../../H-x86_64-mingw32/nios2-elf/lib/mno-hw-mul\libc.a(lib_a-__call_atexit.o)
                0x000000000000a200                __call_exitprocs
 .text          0x000000000000a380       0x28 d:/intelfpga/17.1/nios2eds/bin/gnu/h-x86_64-mingw32/bin/../lib/gcc/nios2-elf/5.3.0/mno-hw-mul\libgcc.a(lib2-mul.o)
                0x000000000000a380                __mulsi3
 .text          0x000000000000a3a8       0x34 ../blinky_bsp/\libhal_bsp.a(alt_exit.o)
                0x000000000000a3a8                _exit
 *(.gnu.warning.*)
 *(.fini)
                [!provide]                        PROVIDE (__etext, ABSOLUTE (.))
                [!provide]                        PROVIDE (_etext, ABSOLUTE (.))
                [!provide]                        PROVIDE (etext, ABSOLUTE (.))
 *(.eh_frame_hdr)
                0x000000000000a3dc                . = ALIGN (0x4)
                [!provide]                        PROVIDE (__preinit_array_start, ABSOLUTE (.))
 *(.preinit_array)
                [!provide]                        PROVIDE (__preinit_array_end, ABSOLUTE (.))
                [!provide]                        PROVIDE (__init_array_start, ABSOLUTE (.))
 *(.init_array)
                [!provide]                        PROVIDE (__init_array_end, ABSOLUTE (.))
                [!provide]                        PROVIDE (__fini_array_start, ABSOLUTE (.))
 *(.fini_array)
                [!provide]                        PROVIDE (__fini_array_end, ABSOLUTE (.))
 *(.eh_frame)
 *(.gcc_except_table .gcc_except_table.*)
 *(.dynamic)
                0x000000000000a3dc                PROVIDE (__CTOR_LIST__, ABSOLUTE (.))
 *(.ctors)
 *(SORT(.ctors.*))
                0x000000000000a3dc                PROVIDE (__CTOR_END__, ABSOLUTE (.))
                0x000000000000a3dc                PROVIDE (__DTOR_LIST__, ABSOLUTE (.))
 *(.dtors)
 *(SORT(.dtors.*))
                0x000000000000a3dc                PROVIDE (__DTOR_END__, ABSOLUTE (.))
 *(.jcr)
                0x000000000000a3dc                . = ALIGN (0x4)

.rodata         0x000000000000a3dc       0x38
                0x000000000000a3dc                PROVIDE (__ram_rodata_start, ABSOLUTE (.))
                0x000000000000a3dc                . = ALIGN (0x4)
 *(.rodata .rodata.* .gnu.linkonce.r.*)
 .rodata        0x000000000000a3dc       0x11 ../blinky_bsp/\libhal_bsp.a(alt_main.o)
 *fill*         0x000000000000a3ed        0x3 
 .rodata        0x000000000000a3f0       0x11 ../blinky_bsp/\libhal_bsp.a(alt_sys_init.o)
 *fill*         0x000000000000a401        0x3 
 .rodata        0x000000000000a404        0xa ../blinky_bsp/\libhal_bsp.a(alt_dev.o)
 *fill*         0x000000000000a40e        0x2 
 .rodata.str1.4
                0x000000000000a410        0x4 d:/intelfpga/17.1/nios2eds/bin/gnu/h-x86_64-mingw32/bin/../lib/gcc/nios2-elf/5.3.0/../../../../../H-x86_64-mingw32/nios2-elf/lib/mno-hw-mul\libc.a(lib_a-impure.o)
                                          0x2 (size before relaxing)
 *(.rodata1)
                0x000000000000a414                . = ALIGN (0x4)
                0x000000000000a414                PROVIDE (__ram_rodata_end, ABSOLUTE (.))
                0x000000000000a3dc                PROVIDE (__flash_rodata_start, LOADADDR (.rodata))

.rwdata         0x000000000000a414     0x1658 load address 0x000000000000ba6c
                0x000000000000a414                PROVIDE (__ram_rwdata_start, ABSOLUTE (.))
                0x000000000000a414                . = ALIGN (0x4)
 *(.got.plt)
 *(.got)
 *(.data1)
 *(.data .data.* .gnu.linkonce.d.*)
 .data          0x000000000000a414        0x0 ../blinky_bsp//obj/HAL/src/crt0.o
 .data          0x000000000000a414        0x0 obj/default/hello_world.o
 .data          0x000000000000a414        0x0 ../blinky_bsp/\libhal_bsp.a(alt_load.o)
 .data          0x000000000000a414        0x0 ../blinky_bsp/\libhal_bsp.a(alt_main.o)
 .data          0x000000000000a414     0x1060 ../blinky_bsp/\libhal_bsp.a(alt_sys_init.o)
 .data          0x000000000000b474        0x0 ../blinky_bsp/\libhal_bsp.a(altera_avalon_jtag_uart_fd.o)
 .data          0x000000000000b474        0x0 ../blinky_bsp/\libhal_bsp.a(altera_avalon_jtag_uart_init.o)
 .data          0x000000000000b474        0x0 ../blinky_bsp/\libhal_bsp.a(altera_avalon_jtag_uart_ioctl.o)
 .data          0x000000000000b474        0x0 ../blinky_bsp/\libhal_bsp.a(altera_avalon_jtag_uart_read.o)
 .data          0x000000000000b474        0x0 ../blinky_bsp/\libhal_bsp.a(altera_avalon_jtag_uart_write.o)
 .data          0x000000000000b474        0x0 ../blinky_bsp/\libhal_bsp.a(alt_alarm_start.o)
 .data          0x000000000000b474        0x0 ../blinky_bsp/\libhal_bsp.a(alt_close.o)
 .data          0x000000000000b474        0x0 ../blinky_bsp/\libhal_bsp.a(alt_dcache_flush_all.o)
 .data          0x000000000000b474      0x1a8 ../blinky_bsp/\libhal_bsp.a(alt_dev.o)
                0x000000000000b474                alt_dev_null
                0x000000000000b49c                alt_fd_list
 .data          0x000000000000b61c        0x0 ../blinky_bsp/\libhal_bsp.a(alt_dev_llist_insert.o)
 .data          0x000000000000b61c        0x0 ../blinky_bsp/\libhal_bsp.a(alt_do_ctors.o)
 .data          0x000000000000b61c        0x0 ../blinky_bsp/\libhal_bsp.a(alt_do_dtors.o)
 .data          0x000000000000b61c        0x0 ../blinky_bsp/\libhal_bsp.a(alt_errno.o)
 .data          0x000000000000b61c        0x0 ../blinky_bsp/\libhal_bsp.a(alt_icache_flush_all.o)
 .data          0x000000000000b61c        0x0 ../blinky_bsp/\libhal_bsp.a(alt_iic.o)
 .data          0x000000000000b61c        0x0 ../blinky_bsp/\libhal_bsp.a(alt_iic_isr_register.o)
 .data          0x000000000000b61c        0x0 ../blinky_bsp/\libhal_bsp.a(alt_io_redirect.o)
 .data          0x000000000000b61c        0x0 ../blinky_bsp/\libhal_bsp.a(alt_irq_entry.o)
 .data          0x000000000000b61c        0x0 ../blinky_bsp/\libhal_bsp.a(alt_irq_handler.o)
 .data          0x000000000000b61c        0x0 ../blinky_bsp/\libhal_bsp.a(alt_irq_vars.o)
 .data          0x000000000000b61c        0x0 ../blinky_bsp/\libhal_bsp.a(alt_open.o)
 .data          0x000000000000b61c        0x0 ../blinky_bsp/\libhal_bsp.a(alt_release_fd.o)
 .data          0x000000000000b61c        0x0 ../blinky_bsp/\libhal_bsp.a(alt_tick.o)
 .data          0x000000000000b61c        0x0 ../blinky_bsp/\libhal_bsp.a(altera_nios2_qsys_irq.o)
 .data          0x000000000000b61c        0x0 ../blinky_bsp/\libhal_bsp.a(alt_exception_entry.o)
 .data          0x000000000000b61c        0x0 ../blinky_bsp/\libhal_bsp.a(alt_find_dev.o)
 .data          0x000000000000b61c        0x0 ../blinky_bsp/\libhal_bsp.a(alt_find_file.o)
 .data          0x000000000000b61c        0x0 ../blinky_bsp/\libhal_bsp.a(alt_get_fd.o)
 .data          0x000000000000b61c        0x0 d:/intelfpga/17.1/nios2eds/bin/gnu/h-x86_64-mingw32/bin/../lib/gcc/nios2-elf/5.3.0/../../../../../H-x86_64-mingw32/nios2-elf/lib/mno-hw-mul\libc.a(lib_a-atexit.o)
 .data          0x000000000000b61c        0x0 d:/intelfpga/17.1/nios2eds/bin/gnu/h-x86_64-mingw32/bin/../lib/gcc/nios2-elf/5.3.0/../../../../../H-x86_64-mingw32/nios2-elf/lib/mno-hw-mul\libc.a(lib_a-exit.o)
 .data          0x000000000000b61c        0x0 d:/intelfpga/17.1/nios2eds/bin/gnu/h-x86_64-mingw32/bin/../lib/gcc/nios2-elf/5.3.0/../../../../../H-x86_64-mingw32/nios2-elf/lib/mno-hw-mul\libc.a(lib_a-impure.o)
 .data.impure_data
                0x000000000000b61c      0x424 d:/intelfpga/17.1/nios2eds/bin/gnu/h-x86_64-mingw32/bin/../lib/gcc/nios2-elf/5.3.0/../../../../../H-x86_64-mingw32/nios2-elf/lib/mno-hw-mul\libc.a(lib_a-impure.o)
 .data          0x000000000000ba40        0x0 d:/intelfpga/17.1/nios2eds/bin/gnu/h-x86_64-mingw32/bin/../lib/gcc/nios2-elf/5.3.0/../../../../../H-x86_64-mingw32/nios2-elf/lib/mno-hw-mul\libc.a(lib_a-int_errno.o)
 .data          0x000000000000ba40        0x0 d:/intelfpga/17.1/nios2eds/bin/gnu/h-x86_64-mingw32/bin/../lib/gcc/nios2-elf/5.3.0/../../../../../H-x86_64-mingw32/nios2-elf/lib/mno-hw-mul\libc.a(lib_a-memcmp.o)
 .data          0x000000000000ba40        0x0 d:/intelfpga/17.1/nios2eds/bin/gnu/h-x86_64-mingw32/bin/../lib/gcc/nios2-elf/5.3.0/../../../../../H-x86_64-mingw32/nios2-elf/lib/mno-hw-mul\libc.a(lib_a-memcpy.o)
 .data          0x000000000000ba40        0x0 d:/intelfpga/17.1/nios2eds/bin/gnu/h-x86_64-mingw32/bin/../lib/gcc/nios2-elf/5.3.0/../../../../../H-x86_64-mingw32/nios2-elf/lib/mno-hw-mul\libc.a(lib_a-strlen.o)
 .data          0x000000000000ba40        0x0 d:/intelfpga/17.1/nios2eds/bin/gnu/h-x86_64-mingw32/bin/../lib/gcc/nios2-elf/5.3.0/../../../../../H-x86_64-mingw32/nios2-elf/lib/mno-hw-mul\libc.a(lib_a-__atexit.o)
 .data          0x000000000000ba40        0x0 d:/intelfpga/17.1/nios2eds/bin/gnu/h-x86_64-mingw32/bin/../lib/gcc/nios2-elf/5.3.0/../../../../../H-x86_64-mingw32/nios2-elf/lib/mno-hw-mul\libc.a(lib_a-__call_atexit.o)
 .data          0x000000000000ba40        0x0 d:/intelfpga/17.1/nios2eds/bin/gnu/h-x86_64-mingw32/bin/../lib/gcc/nios2-elf/5.3.0/mno-hw-mul\libgcc.a(lib2-mul.o)
 .data          0x000000000000ba40        0x0 ../blinky_bsp/\libhal_bsp.a(alt_exit.o)
                0x0000000000013a40                _gp = ABSOLUTE ((. + 0x8000))
                [!provide]                        PROVIDE (gp, _gp)
 *(.rwdata .rwdata.*)
 *(.sdata .sdata.* .gnu.linkonce.s.*)
 .sdata         0x000000000000ba40       0x14 ../blinky_bsp/\libhal_bsp.a(alt_dev.o)
                0x000000000000ba40                alt_fs_list
                0x000000000000ba48                alt_dev_list
                0x000000000000ba50                alt_max_fd
 .sdata         0x000000000000ba54        0x4 ../blinky_bsp/\libhal_bsp.a(alt_errno.o)
                0x000000000000ba54                alt_errno
 .sdata         0x000000000000ba58        0x4 ../blinky_bsp/\libhal_bsp.a(alt_irq_vars.o)
                0x000000000000ba58                alt_priority_mask
 .sdata         0x000000000000ba5c        0x8 ../blinky_bsp/\libhal_bsp.a(alt_tick.o)
                0x000000000000ba5c                alt_alarm_list
 .sdata._global_impure_ptr
                0x000000000000ba64        0x4 d:/intelfpga/17.1/nios2eds/bin/gnu/h-x86_64-mingw32/bin/../lib/gcc/nios2-elf/5.3.0/../../../../../H-x86_64-mingw32/nios2-elf/lib/mno-hw-mul\libc.a(lib_a-impure.o)
                0x000000000000ba64                _global_impure_ptr
 .sdata._impure_ptr
                0x000000000000ba68        0x4 d:/intelfpga/17.1/nios2eds/bin/gnu/h-x86_64-mingw32/bin/../lib/gcc/nios2-elf/5.3.0/../../../../../H-x86_64-mingw32/nios2-elf/lib/mno-hw-mul\libc.a(lib_a-impure.o)
                0x000000000000ba68                _impure_ptr
 *(.sdata2 .sdata2.* .gnu.linkonce.s2.*)
                0x000000000000ba6c                . = ALIGN (0x4)
                0x000000000000ba6c                _edata = ABSOLUTE (.)
                [!provide]                        PROVIDE (edata, ABSOLUTE (.))
                0x000000000000ba6c                PROVIDE (__ram_rwdata_end, ABSOLUTE (.))
                0x000000000000ba6c                PROVIDE (__flash_rwdata_start, LOADADDR (.rwdata))

.bss            0x000000000000d0c4      0x11c
                0x000000000000d0c4                __bss_start = ABSOLUTE (.)
                [!provide]                        PROVIDE (__sbss_start, ABSOLUTE (.))
                [!provide]                        PROVIDE (___sbss_start, ABSOLUTE (.))
 *(.dynsbss)
 *(.sbss .sbss.* .gnu.linkonce.sb.*)
 .sbss          0x000000000000d0c4        0xc ../blinky_bsp/\libhal_bsp.a(alt_main.o)
                0x000000000000d0c4                alt_argc
                0x000000000000d0c8                alt_argv
                0x000000000000d0cc                alt_envp
 .sbss          0x000000000000d0d0        0x4 ../blinky_bsp/\libhal_bsp.a(alt_irq_vars.o)
                0x000000000000d0d0                alt_irq_active
 .sbss          0x000000000000d0d4        0x8 ../blinky_bsp/\libhal_bsp.a(alt_tick.o)
                0x000000000000d0d4                _alt_tick_rate
                0x000000000000d0d8                _alt_nticks
 .sbss          0x000000000000d0dc        0x4 d:/intelfpga/17.1/nios2eds/bin/gnu/h-x86_64-mingw32/bin/../lib/gcc/nios2-elf/5.3.0/../../../../../H-x86_64-mingw32/nios2-elf/lib/mno-hw-mul\libc.a(lib_a-int_errno.o)
                0x000000000000d0dc                errno
 *(.sbss2 .sbss2.* .gnu.linkonce.sb2.*)
 *(.scommon)
                [!provide]                        PROVIDE (__sbss_end, ABSOLUTE (.))
                [!provide]                        PROVIDE (___sbss_end, ABSOLUTE (.))
 *(.dynbss)
 *(.bss .bss.* .gnu.linkonce.b.*)
 .bss           0x000000000000d0e0        0x0 ../blinky_bsp//obj/HAL/src/crt0.o
 .bss           0x000000000000d0e0        0x0 obj/default/hello_world.o
 .bss           0x000000000000d0e0        0x0 ../blinky_bsp/\libhal_bsp.a(alt_load.o)
 .bss           0x000000000000d0e0        0x0 ../blinky_bsp/\libhal_bsp.a(alt_main.o)
 .bss           0x000000000000d0e0        0x0 ../blinky_bsp/\libhal_bsp.a(alt_sys_init.o)
 .bss           0x000000000000d0e0        0x0 ../blinky_bsp/\libhal_bsp.a(altera_avalon_jtag_uart_fd.o)
 .bss           0x000000000000d0e0        0x0 ../blinky_bsp/\libhal_bsp.a(altera_avalon_jtag_uart_init.o)
 .bss           0x000000000000d0e0        0x0 ../blinky_bsp/\libhal_bsp.a(altera_avalon_jtag_uart_ioctl.o)
 .bss           0x000000000000d0e0        0x0 ../blinky_bsp/\libhal_bsp.a(altera_avalon_jtag_uart_read.o)
 .bss           0x000000000000d0e0        0x0 ../blinky_bsp/\libhal_bsp.a(altera_avalon_jtag_uart_write.o)
 .bss           0x000000000000d0e0        0x0 ../blinky_bsp/\libhal_bsp.a(alt_alarm_start.o)
 .bss           0x000000000000d0e0        0x0 ../blinky_bsp/\libhal_bsp.a(alt_close.o)
 .bss           0x000000000000d0e0        0x0 ../blinky_bsp/\libhal_bsp.a(alt_dcache_flush_all.o)
 .bss           0x000000000000d0e0        0x0 ../blinky_bsp/\libhal_bsp.a(alt_dev.o)
 .bss           0x000000000000d0e0        0x0 ../blinky_bsp/\libhal_bsp.a(alt_dev_llist_insert.o)
 .bss           0x000000000000d0e0        0x0 ../blinky_bsp/\libhal_bsp.a(alt_do_ctors.o)
 .bss           0x000000000000d0e0        0x0 ../blinky_bsp/\libhal_bsp.a(alt_do_dtors.o)
 .bss           0x000000000000d0e0        0x0 ../blinky_bsp/\libhal_bsp.a(alt_errno.o)
 .bss           0x000000000000d0e0        0x0 ../blinky_bsp/\libhal_bsp.a(alt_icache_flush_all.o)
 .bss           0x000000000000d0e0        0x0 ../blinky_bsp/\libhal_bsp.a(alt_iic.o)
 .bss           0x000000000000d0e0        0x0 ../blinky_bsp/\libhal_bsp.a(alt_iic_isr_register.o)
 .bss           0x000000000000d0e0        0x0 ../blinky_bsp/\libhal_bsp.a(alt_io_redirect.o)
 .bss           0x000000000000d0e0        0x0 ../blinky_bsp/\libhal_bsp.a(alt_irq_entry.o)
 .bss           0x000000000000d0e0        0x0 ../blinky_bsp/\libhal_bsp.a(alt_irq_handler.o)
 .bss           0x000000000000d0e0        0x0 ../blinky_bsp/\libhal_bsp.a(alt_irq_vars.o)
 .bss           0x000000000000d0e0        0x0 ../blinky_bsp/\libhal_bsp.a(alt_open.o)
 .bss           0x000000000000d0e0        0x0 ../blinky_bsp/\libhal_bsp.a(alt_release_fd.o)
 .bss           0x000000000000d0e0        0x0 ../blinky_bsp/\libhal_bsp.a(alt_tick.o)
 .bss           0x000000000000d0e0        0x0 ../blinky_bsp/\libhal_bsp.a(altera_nios2_qsys_irq.o)
 .bss           0x000000000000d0e0        0x0 ../blinky_bsp/\libhal_bsp.a(alt_exception_entry.o)
 .bss           0x000000000000d0e0        0x0 ../blinky_bsp/\libhal_bsp.a(alt_find_dev.o)
 .bss           0x000000000000d0e0        0x0 ../blinky_bsp/\libhal_bsp.a(alt_find_file.o)
 .bss           0x000000000000d0e0        0x0 ../blinky_bsp/\libhal_bsp.a(alt_get_fd.o)
 .bss           0x000000000000d0e0        0x0 d:/intelfpga/17.1/nios2eds/bin/gnu/h-x86_64-mingw32/bin/../lib/gcc/nios2-elf/5.3.0/../../../../../H-x86_64-mingw32/nios2-elf/lib/mno-hw-mul\libc.a(lib_a-atexit.o)
 .bss           0x000000000000d0e0        0x0 d:/intelfpga/17.1/nios2eds/bin/gnu/h-x86_64-mingw32/bin/../lib/gcc/nios2-elf/5.3.0/../../../../../H-x86_64-mingw32/nios2-elf/lib/mno-hw-mul\libc.a(lib_a-exit.o)
 .bss           0x000000000000d0e0        0x0 d:/intelfpga/17.1/nios2eds/bin/gnu/h-x86_64-mingw32/bin/../lib/gcc/nios2-elf/5.3.0/../../../../../H-x86_64-mingw32/nios2-elf/lib/mno-hw-mul\libc.a(lib_a-impure.o)
 .bss           0x000000000000d0e0        0x0 d:/intelfpga/17.1/nios2eds/bin/gnu/h-x86_64-mingw32/bin/../lib/gcc/nios2-elf/5.3.0/../../../../../H-x86_64-mingw32/nios2-elf/lib/mno-hw-mul\libc.a(lib_a-int_errno.o)
 .bss           0x000000000000d0e0        0x0 d:/intelfpga/17.1/nios2eds/bin/gnu/h-x86_64-mingw32/bin/../lib/gcc/nios2-elf/5.3.0/../../../../../H-x86_64-mingw32/nios2-elf/lib/mno-hw-mul\libc.a(lib_a-memcmp.o)
 .bss           0x000000000000d0e0        0x0 d:/intelfpga/17.1/nios2eds/bin/gnu/h-x86_64-mingw32/bin/../lib/gcc/nios2-elf/5.3.0/../../../../../H-x86_64-mingw32/nios2-elf/lib/mno-hw-mul\libc.a(lib_a-memcpy.o)
 .bss           0x000000000000d0e0        0x0 d:/intelfpga/17.1/nios2eds/bin/gnu/h-x86_64-mingw32/bin/../lib/gcc/nios2-elf/5.3.0/../../../../../H-x86_64-mingw32/nios2-elf/lib/mno-hw-mul\libc.a(lib_a-strlen.o)
 .bss           0x000000000000d0e0        0x0 d:/intelfpga/17.1/nios2eds/bin/gnu/h-x86_64-mingw32/bin/../lib/gcc/nios2-elf/5.3.0/../../../../../H-x86_64-mingw32/nios2-elf/lib/mno-hw-mul\libc.a(lib_a-__atexit.o)
 .bss           0x000000000000d0e0        0x0 d:/intelfpga/17.1/nios2eds/bin/gnu/h-x86_64-mingw32/bin/../lib/gcc/nios2-elf/5.3.0/../../../../../H-x86_64-mingw32/nios2-elf/lib/mno-hw-mul\libc.a(lib_a-__call_atexit.o)
 .bss           0x000000000000d0e0        0x0 d:/intelfpga/17.1/nios2eds/bin/gnu/h-x86_64-mingw32/bin/../lib/gcc/nios2-elf/5.3.0/mno-hw-mul\libgcc.a(lib2-mul.o)
 .bss           0x000000000000d0e0        0x0 ../blinky_bsp/\libhal_bsp.a(alt_exit.o)
 *(COMMON)
 COMMON         0x000000000000d0e0      0x100 ../blinky_bsp/\libhal_bsp.a(alt_irq_handler.o)
                0x000000000000d0e0                alt_irq
                0x000000000000d1e0                . = ALIGN (0x4)
                0x000000000000d1e0                __bss_end = ABSOLUTE (.)

.onchip_memory2_0
                0x000000000000d1e0        0x0
                [!provide]                        PROVIDE (_alt_partition_onchip_memory2_0_start, ABSOLUTE (.))
 *(.onchip_memory2_0 .onchip_memory2_0. onchip_memory2_0.*)
                0x000000000000d1e0                . = ALIGN (0x4)
                [!provide]                        PROVIDE (_alt_partition_onchip_memory2_0_end, ABSOLUTE (.))
                0x000000000000d1e0                _end = ABSOLUTE (.)
                0x000000000000d1e0                end = ABSOLUTE (.)
                0x000000000000d1e0                __alt_stack_base = ABSOLUTE (.)
                [!provide]                        PROVIDE (_alt_partition_onchip_memory2_0_load_addr, LOADADDR (.onchip_memory2_0))

.stab
 *(.stab)

.stabstr
 *(.stabstr)

.stab.excl
 *(.stab.excl)

.stab.exclstr
 *(.stab.exclstr)

.stab.index
 *(.stab.index)

.stab.indexstr
 *(.stab.indexstr)

.comment        0x0000000000000000       0x23
 *(.comment)
 .comment       0x0000000000000000       0x23 obj/default/hello_world.o
                                         0x24 (size before relaxing)
 .comment       0x0000000000000023       0x24 ../blinky_bsp/\libhal_bsp.a(alt_load.o)
 .comment       0x0000000000000023       0x24 ../blinky_bsp/\libhal_bsp.a(alt_main.o)
 .comment       0x0000000000000023       0x24 ../blinky_bsp/\libhal_bsp.a(alt_sys_init.o)
 .comment       0x0000000000000023       0x24 ../blinky_bsp/\libhal_bsp.a(altera_avalon_jtag_uart_fd.o)
 .comment       0x0000000000000023       0x24 ../blinky_bsp/\libhal_bsp.a(altera_avalon_jtag_uart_init.o)
 .comment       0x0000000000000023       0x24 ../blinky_bsp/\libhal_bsp.a(altera_avalon_jtag_uart_ioctl.o)
 .comment       0x0000000000000023       0x24 ../blinky_bsp/\libhal_bsp.a(altera_avalon_jtag_uart_read.o)
 .comment       0x0000000000000023       0x24 ../blinky_bsp/\libhal_bsp.a(altera_avalon_jtag_uart_write.o)
 .comment       0x0000000000000023       0x24 ../blinky_bsp/\libhal_bsp.a(alt_alarm_start.o)
 .comment       0x0000000000000023       0x24 ../blinky_bsp/\libhal_bsp.a(alt_close.o)
 .comment       0x0000000000000023       0x24 ../blinky_bsp/\libhal_bsp.a(alt_dcache_flush_all.o)
 .comment       0x0000000000000023       0x24 ../blinky_bsp/\libhal_bsp.a(alt_dev.o)
 .comment       0x0000000000000023       0x24 ../blinky_bsp/\libhal_bsp.a(alt_dev_llist_insert.o)
 .comment       0x0000000000000023       0x24 ../blinky_bsp/\libhal_bsp.a(alt_do_ctors.o)
 .comment       0x0000000000000023       0x24 ../blinky_bsp/\libhal_bsp.a(alt_do_dtors.o)
 .comment       0x0000000000000023       0x24 ../blinky_bsp/\libhal_bsp.a(alt_errno.o)
 .comment       0x0000000000000023       0x24 ../blinky_bsp/\libhal_bsp.a(alt_icache_flush_all.o)
 .comment       0x0000000000000023       0x24 ../blinky_bsp/\libhal_bsp.a(alt_iic.o)
 .comment       0x0000000000000023       0x24 ../blinky_bsp/\libhal_bsp.a(alt_iic_isr_register.o)
 .comment       0x0000000000000023       0x24 ../blinky_bsp/\libhal_bsp.a(alt_io_redirect.o)
 .comment       0x0000000000000023       0x24 ../blinky_bsp/\libhal_bsp.a(alt_irq_handler.o)
 .comment       0x0000000000000023       0x24 ../blinky_bsp/\libhal_bsp.a(alt_irq_vars.o)
 .comment       0x0000000000000023       0x24 ../blinky_bsp/\libhal_bsp.a(alt_open.o)
 .comment       0x0000000000000023       0x24 ../blinky_bsp/\libhal_bsp.a(alt_release_fd.o)
 .comment       0x0000000000000023       0x24 ../blinky_bsp/\libhal_bsp.a(alt_tick.o)
 .comment       0x0000000000000023       0x24 ../blinky_bsp/\libhal_bsp.a(altera_nios2_qsys_irq.o)
 .comment       0x0000000000000023       0x24 ../blinky_bsp/\libhal_bsp.a(alt_find_dev.o)
 .comment       0x0000000000000023       0x24 ../blinky_bsp/\libhal_bsp.a(alt_find_file.o)
 .comment       0x0000000000000023       0x24 ../blinky_bsp/\libhal_bsp.a(alt_get_fd.o)
 .comment       0x0000000000000023       0x24 d:/intelfpga/17.1/nios2eds/bin/gnu/h-x86_64-mingw32/bin/../lib/gcc/nios2-elf/5.3.0/../../../../../H-x86_64-mingw32/nios2-elf/lib/mno-hw-mul\libc.a(lib_a-atexit.o)
 .comment       0x0000000000000023       0x24 d:/intelfpga/17.1/nios2eds/bin/gnu/h-x86_64-mingw32/bin/../lib/gcc/nios2-elf/5.3.0/../../../../../H-x86_64-mingw32/nios2-elf/lib/mno-hw-mul\libc.a(lib_a-exit.o)
 .comment       0x0000000000000023       0x24 d:/intelfpga/17.1/nios2eds/bin/gnu/h-x86_64-mingw32/bin/../lib/gcc/nios2-elf/5.3.0/../../../../../H-x86_64-mingw32/nios2-elf/lib/mno-hw-mul\libc.a(lib_a-impure.o)
 .comment       0x0000000000000023       0x24 d:/intelfpga/17.1/nios2eds/bin/gnu/h-x86_64-mingw32/bin/../lib/gcc/nios2-elf/5.3.0/../../../../../H-x86_64-mingw32/nios2-elf/lib/mno-hw-mul\libc.a(lib_a-int_errno.o)
 .comment       0x0000000000000023       0x24 d:/intelfpga/17.1/nios2eds/bin/gnu/h-x86_64-mingw32/bin/../lib/gcc/nios2-elf/5.3.0/../../../../../H-x86_64-mingw32/nios2-elf/lib/mno-hw-mul\libc.a(lib_a-memcmp.o)
 .comment       0x0000000000000023       0x24 d:/intelfpga/17.1/nios2eds/bin/gnu/h-x86_64-mingw32/bin/../lib/gcc/nios2-elf/5.3.0/../../../../../H-x86_64-mingw32/nios2-elf/lib/mno-hw-mul\libc.a(lib_a-memcpy.o)
 .comment       0x0000000000000023       0x24 d:/intelfpga/17.1/nios2eds/bin/gnu/h-x86_64-mingw32/bin/../lib/gcc/nios2-elf/5.3.0/../../../../../H-x86_64-mingw32/nios2-elf/lib/mno-hw-mul\libc.a(lib_a-strlen.o)
 .comment       0x0000000000000023       0x24 d:/intelfpga/17.1/nios2eds/bin/gnu/h-x86_64-mingw32/bin/../lib/gcc/nios2-elf/5.3.0/../../../../../H-x86_64-mingw32/nios2-elf/lib/mno-hw-mul\libc.a(lib_a-__atexit.o)
 .comment       0x0000000000000023       0x24 d:/intelfpga/17.1/nios2eds/bin/gnu/h-x86_64-mingw32/bin/../lib/gcc/nios2-elf/5.3.0/../../../../../H-x86_64-mingw32/nios2-elf/lib/mno-hw-mul\libc.a(lib_a-__call_atexit.o)
 .comment       0x0000000000000023       0x24 d:/intelfpga/17.1/nios2eds/bin/gnu/h-x86_64-mingw32/bin/../lib/gcc/nios2-elf/5.3.0/mno-hw-mul\libgcc.a(lib2-mul.o)
 .comment       0x0000000000000023       0x24 ../blinky_bsp/\libhal_bsp.a(alt_exit.o)

.debug
 *(.debug)

.line
 *(.line)

.debug_srcinfo
 *(.debug_srcinfo)

.debug_sfnames
 *(.debug_sfnames)

.debug_aranges  0x0000000000000000      0x590
 *(.debug_aranges)
 .debug_aranges
                0x0000000000000000       0x28 ../blinky_bsp//obj/HAL/src/crt0.o
 .debug_aranges
                0x0000000000000028       0x20 obj/default/hello_world.o
 .debug_aranges
                0x0000000000000048       0x20 ../blinky_bsp/\libhal_bsp.a(alt_load.o)
 .debug_aranges
                0x0000000000000068       0x20 ../blinky_bsp/\libhal_bsp.a(alt_main.o)
 .debug_aranges
                0x0000000000000088       0x20 ../blinky_bsp/\libhal_bsp.a(alt_sys_init.o)
 .debug_aranges
                0x00000000000000a8       0x20 ../blinky_bsp/\libhal_bsp.a(altera_avalon_jtag_uart_fd.o)
 .debug_aranges
                0x00000000000000c8       0x20 ../blinky_bsp/\libhal_bsp.a(altera_avalon_jtag_uart_init.o)
 .debug_aranges
                0x00000000000000e8       0x20 ../blinky_bsp/\libhal_bsp.a(altera_avalon_jtag_uart_ioctl.o)
 .debug_aranges
                0x0000000000000108       0x20 ../blinky_bsp/\libhal_bsp.a(altera_avalon_jtag_uart_read.o)
 .debug_aranges
                0x0000000000000128       0x20 ../blinky_bsp/\libhal_bsp.a(altera_avalon_jtag_uart_write.o)
 .debug_aranges
                0x0000000000000148       0x20 ../blinky_bsp/\libhal_bsp.a(alt_alarm_start.o)
 .debug_aranges
                0x0000000000000168       0x20 ../blinky_bsp/\libhal_bsp.a(alt_close.o)
 .debug_aranges
                0x0000000000000188       0x20 ../blinky_bsp/\libhal_bsp.a(alt_dcache_flush_all.o)
 .debug_aranges
                0x00000000000001a8       0x20 ../blinky_bsp/\libhal_bsp.a(alt_dev.o)
 .debug_aranges
                0x00000000000001c8       0x20 ../blinky_bsp/\libhal_bsp.a(alt_dev_llist_insert.o)
 .debug_aranges
                0x00000000000001e8       0x20 ../blinky_bsp/\libhal_bsp.a(alt_do_ctors.o)
 .debug_aranges
                0x0000000000000208       0x20 ../blinky_bsp/\libhal_bsp.a(alt_do_dtors.o)
 .debug_aranges
                0x0000000000000228       0x18 ../blinky_bsp/\libhal_bsp.a(alt_errno.o)
 .debug_aranges
                0x0000000000000240       0x20 ../blinky_bsp/\libhal_bsp.a(alt_icache_flush_all.o)
 .debug_aranges
                0x0000000000000260       0x20 ../blinky_bsp/\libhal_bsp.a(alt_iic.o)
 .debug_aranges
                0x0000000000000280       0x20 ../blinky_bsp/\libhal_bsp.a(alt_iic_isr_register.o)
 .debug_aranges
                0x00000000000002a0       0x20 ../blinky_bsp/\libhal_bsp.a(alt_io_redirect.o)
 .debug_aranges
                0x00000000000002c0       0x30 ../blinky_bsp/\libhal_bsp.a(alt_irq_entry.o)
 .debug_aranges
                0x00000000000002f0       0x20 ../blinky_bsp/\libhal_bsp.a(alt_irq_handler.o)
 .debug_aranges
                0x0000000000000310       0x18 ../blinky_bsp/\libhal_bsp.a(alt_irq_vars.o)
 .debug_aranges
                0x0000000000000328       0x20 ../blinky_bsp/\libhal_bsp.a(alt_open.o)
 .debug_aranges
                0x0000000000000348       0x20 ../blinky_bsp/\libhal_bsp.a(alt_release_fd.o)
 .debug_aranges
                0x0000000000000368       0x20 ../blinky_bsp/\libhal_bsp.a(alt_tick.o)
 .debug_aranges
                0x0000000000000388       0x20 ../blinky_bsp/\libhal_bsp.a(altera_nios2_qsys_irq.o)
 .debug_aranges
                0x00000000000003a8       0x38 ../blinky_bsp/\libhal_bsp.a(alt_exception_entry.o)
 .debug_aranges
                0x00000000000003e0       0x20 ../blinky_bsp/\libhal_bsp.a(alt_find_dev.o)
 .debug_aranges
                0x0000000000000400       0x20 ../blinky_bsp/\libhal_bsp.a(alt_find_file.o)
 .debug_aranges
                0x0000000000000420       0x20 ../blinky_bsp/\libhal_bsp.a(alt_get_fd.o)
 .debug_aranges
                0x0000000000000440       0x20 d:/intelfpga/17.1/nios2eds/bin/gnu/h-x86_64-mingw32/bin/../lib/gcc/nios2-elf/5.3.0/../../../../../H-x86_64-mingw32/nios2-elf/lib/mno-hw-mul\libc.a(lib_a-atexit.o)
 .debug_aranges
                0x0000000000000460       0x20 d:/intelfpga/17.1/nios2eds/bin/gnu/h-x86_64-mingw32/bin/../lib/gcc/nios2-elf/5.3.0/../../../../../H-x86_64-mingw32/nios2-elf/lib/mno-hw-mul\libc.a(lib_a-exit.o)
 .debug_aranges
                0x0000000000000480       0x18 d:/intelfpga/17.1/nios2eds/bin/gnu/h-x86_64-mingw32/bin/../lib/gcc/nios2-elf/5.3.0/../../../../../H-x86_64-mingw32/nios2-elf/lib/mno-hw-mul\libc.a(lib_a-impure.o)
 .debug_aranges
                0x0000000000000498       0x18 d:/intelfpga/17.1/nios2eds/bin/gnu/h-x86_64-mingw32/bin/../lib/gcc/nios2-elf/5.3.0/../../../../../H-x86_64-mingw32/nios2-elf/lib/mno-hw-mul\libc.a(lib_a-int_errno.o)
 .debug_aranges
                0x00000000000004b0       0x20 d:/intelfpga/17.1/nios2eds/bin/gnu/h-x86_64-mingw32/bin/../lib/gcc/nios2-elf/5.3.0/../../../../../H-x86_64-mingw32/nios2-elf/lib/mno-hw-mul\libc.a(lib_a-memcmp.o)
 .debug_aranges
                0x00000000000004d0       0x20 d:/intelfpga/17.1/nios2eds/bin/gnu/h-x86_64-mingw32/bin/../lib/gcc/nios2-elf/5.3.0/../../../../../H-x86_64-mingw32/nios2-elf/lib/mno-hw-mul\libc.a(lib_a-memcpy.o)
 .debug_aranges
                0x00000000000004f0       0x20 d:/intelfpga/17.1/nios2eds/bin/gnu/h-x86_64-mingw32/bin/../lib/gcc/nios2-elf/5.3.0/../../../../../H-x86_64-mingw32/nios2-elf/lib/mno-hw-mul\libc.a(lib_a-strlen.o)
 .debug_aranges
                0x0000000000000510       0x20 d:/intelfpga/17.1/nios2eds/bin/gnu/h-x86_64-mingw32/bin/../lib/gcc/nios2-elf/5.3.0/../../../../../H-x86_64-mingw32/nios2-elf/lib/mno-hw-mul\libc.a(lib_a-__atexit.o)
 .debug_aranges
                0x0000000000000530       0x20 d:/intelfpga/17.1/nios2eds/bin/gnu/h-x86_64-mingw32/bin/../lib/gcc/nios2-elf/5.3.0/../../../../../H-x86_64-mingw32/nios2-elf/lib/mno-hw-mul\libc.a(lib_a-__call_atexit.o)
 .debug_aranges
                0x0000000000000550       0x20 d:/intelfpga/17.1/nios2eds/bin/gnu/h-x86_64-mingw32/bin/../lib/gcc/nios2-elf/5.3.0/mno-hw-mul\libgcc.a(lib2-mul.o)
 .debug_aranges
                0x0000000000000570       0x20 ../blinky_bsp/\libhal_bsp.a(alt_exit.o)

.debug_pubnames
 *(.debug_pubnames)

.debug_info     0x0000000000000000     0x732b
 *(.debug_info .gnu.linkonce.wi.*)
 .debug_info    0x0000000000000000       0x70 ../blinky_bsp//obj/HAL/src/crt0.o
 .debug_info    0x0000000000000070       0xc7 obj/default/hello_world.o
 .debug_info    0x0000000000000137      0x145 ../blinky_bsp/\libhal_bsp.a(alt_load.o)
 .debug_info    0x000000000000027c      0x131 ../blinky_bsp/\libhal_bsp.a(alt_main.o)
 .debug_info    0x00000000000003ad      0x4c3 ../blinky_bsp/\libhal_bsp.a(alt_sys_init.o)
 .debug_info    0x0000000000000870      0x52e ../blinky_bsp/\libhal_bsp.a(altera_avalon_jtag_uart_fd.o)
 .debug_info    0x0000000000000d9e      0x3a0 ../blinky_bsp/\libhal_bsp.a(altera_avalon_jtag_uart_init.o)
 .debug_info    0x000000000000113e      0x280 ../blinky_bsp/\libhal_bsp.a(altera_avalon_jtag_uart_ioctl.o)
 .debug_info    0x00000000000013be      0x345 ../blinky_bsp/\libhal_bsp.a(altera_avalon_jtag_uart_read.o)
 .debug_info    0x0000000000001703      0x340 ../blinky_bsp/\libhal_bsp.a(altera_avalon_jtag_uart_write.o)
 .debug_info    0x0000000000001a43      0x2cc ../blinky_bsp/\libhal_bsp.a(alt_alarm_start.o)
 .debug_info    0x0000000000001d0f      0x321 ../blinky_bsp/\libhal_bsp.a(alt_close.o)
 .debug_info    0x0000000000002030       0x92 ../blinky_bsp/\libhal_bsp.a(alt_dcache_flush_all.o)
 .debug_info    0x00000000000020c2      0x49c ../blinky_bsp/\libhal_bsp.a(alt_dev.o)
 .debug_info    0x000000000000255e      0x1a9 ../blinky_bsp/\libhal_bsp.a(alt_dev_llist_insert.o)
 .debug_info    0x0000000000002707       0x83 ../blinky_bsp/\libhal_bsp.a(alt_do_ctors.o)
 .debug_info    0x000000000000278a       0x83 ../blinky_bsp/\libhal_bsp.a(alt_do_dtors.o)
 .debug_info    0x000000000000280d       0xa6 ../blinky_bsp/\libhal_bsp.a(alt_errno.o)
 .debug_info    0x00000000000028b3       0x92 ../blinky_bsp/\libhal_bsp.a(alt_icache_flush_all.o)
 .debug_info    0x0000000000002945      0x350 ../blinky_bsp/\libhal_bsp.a(alt_iic.o)
 .debug_info    0x0000000000002c95      0x1ef ../blinky_bsp/\libhal_bsp.a(alt_iic_isr_register.o)
 .debug_info    0x0000000000002e84      0x4a5 ../blinky_bsp/\libhal_bsp.a(alt_io_redirect.o)
 .debug_info    0x0000000000003329       0x79 ../blinky_bsp/\libhal_bsp.a(alt_irq_entry.o)
 .debug_info    0x00000000000033a2      0x187 ../blinky_bsp/\libhal_bsp.a(alt_irq_handler.o)
 .debug_info    0x0000000000003529       0x88 ../blinky_bsp/\libhal_bsp.a(alt_irq_vars.o)
 .debug_info    0x00000000000035b1      0x3bb ../blinky_bsp/\libhal_bsp.a(alt_open.o)
 .debug_info    0x000000000000396c      0x2b0 ../blinky_bsp/\libhal_bsp.a(alt_release_fd.o)
 .debug_info    0x0000000000003c1c      0x299 ../blinky_bsp/\libhal_bsp.a(alt_tick.o)
 .debug_info    0x0000000000003eb5       0x92 ../blinky_bsp/\libhal_bsp.a(altera_nios2_qsys_irq.o)
 .debug_info    0x0000000000003f47       0x7f ../blinky_bsp/\libhal_bsp.a(alt_exception_entry.o)
 .debug_info    0x0000000000003fc6      0x2e9 ../blinky_bsp/\libhal_bsp.a(alt_find_dev.o)
 .debug_info    0x00000000000042af      0x2e6 ../blinky_bsp/\libhal_bsp.a(alt_find_file.o)
 .debug_info    0x0000000000004595      0x310 ../blinky_bsp/\libhal_bsp.a(alt_get_fd.o)
 .debug_info    0x00000000000048a5       0xfe d:/intelfpga/17.1/nios2eds/bin/gnu/h-x86_64-mingw32/bin/../lib/gcc/nios2-elf/5.3.0/../../../../../H-x86_64-mingw32/nios2-elf/lib/mno-hw-mul\libc.a(lib_a-atexit.o)
 .debug_info    0x00000000000049a3      0x8e4 d:/intelfpga/17.1/nios2eds/bin/gnu/h-x86_64-mingw32/bin/../lib/gcc/nios2-elf/5.3.0/../../../../../H-x86_64-mingw32/nios2-elf/lib/mno-hw-mul\libc.a(lib_a-exit.o)
 .debug_info    0x0000000000005287      0x8a1 d:/intelfpga/17.1/nios2eds/bin/gnu/h-x86_64-mingw32/bin/../lib/gcc/nios2-elf/5.3.0/../../../../../H-x86_64-mingw32/nios2-elf/lib/mno-hw-mul\libc.a(lib_a-impure.o)
 .debug_info    0x0000000000005b28       0x8a d:/intelfpga/17.1/nios2eds/bin/gnu/h-x86_64-mingw32/bin/../lib/gcc/nios2-elf/5.3.0/../../../../../H-x86_64-mingw32/nios2-elf/lib/mno-hw-mul\libc.a(lib_a-int_errno.o)
 .debug_info    0x0000000000005bb2      0x11a d:/intelfpga/17.1/nios2eds/bin/gnu/h-x86_64-mingw32/bin/../lib/gcc/nios2-elf/5.3.0/../../../../../H-x86_64-mingw32/nios2-elf/lib/mno-hw-mul\libc.a(lib_a-memcmp.o)
 .debug_info    0x0000000000005ccc      0x144 d:/intelfpga/17.1/nios2eds/bin/gnu/h-x86_64-mingw32/bin/../lib/gcc/nios2-elf/5.3.0/../../../../../H-x86_64-mingw32/nios2-elf/lib/mno-hw-mul\libc.a(lib_a-memcpy.o)
 .debug_info    0x0000000000005e10       0xe2 d:/intelfpga/17.1/nios2eds/bin/gnu/h-x86_64-mingw32/bin/../lib/gcc/nios2-elf/5.3.0/../../../../../H-x86_64-mingw32/nios2-elf/lib/mno-hw-mul\libc.a(lib_a-strlen.o)
 .debug_info    0x0000000000005ef2      0x934 d:/intelfpga/17.1/nios2eds/bin/gnu/h-x86_64-mingw32/bin/../lib/gcc/nios2-elf/5.3.0/../../../../../H-x86_64-mingw32/nios2-elf/lib/mno-hw-mul\libc.a(lib_a-__atexit.o)
 .debug_info    0x0000000000006826      0x965 d:/intelfpga/17.1/nios2eds/bin/gnu/h-x86_64-mingw32/bin/../lib/gcc/nios2-elf/5.3.0/../../../../../H-x86_64-mingw32/nios2-elf/lib/mno-hw-mul\libc.a(lib_a-__call_atexit.o)
 .debug_info    0x000000000000718b       0xb4 d:/intelfpga/17.1/nios2eds/bin/gnu/h-x86_64-mingw32/bin/../lib/gcc/nios2-elf/5.3.0/mno-hw-mul\libgcc.a(lib2-mul.o)
 .debug_info    0x000000000000723f       0xec ../blinky_bsp/\libhal_bsp.a(alt_exit.o)

.debug_abbrev   0x0000000000000000     0x284a
 *(.debug_abbrev)
 .debug_abbrev  0x0000000000000000       0x12 ../blinky_bsp//obj/HAL/src/crt0.o
 .debug_abbrev  0x0000000000000012       0x72 obj/default/hello_world.o
 .debug_abbrev  0x0000000000000084       0x9f ../blinky_bsp/\libhal_bsp.a(alt_load.o)
 .debug_abbrev  0x0000000000000123       0xba ../blinky_bsp/\libhal_bsp.a(alt_main.o)
 .debug_abbrev  0x00000000000001dd      0x187 ../blinky_bsp/\libhal_bsp.a(alt_sys_init.o)
 .debug_abbrev  0x0000000000000364      0x127 ../blinky_bsp/\libhal_bsp.a(altera_avalon_jtag_uart_fd.o)
 .debug_abbrev  0x000000000000048b      0x19e ../blinky_bsp/\libhal_bsp.a(altera_avalon_jtag_uart_init.o)
 .debug_abbrev  0x0000000000000629      0x111 ../blinky_bsp/\libhal_bsp.a(altera_avalon_jtag_uart_ioctl.o)
 .debug_abbrev  0x000000000000073a      0x1aa ../blinky_bsp/\libhal_bsp.a(altera_avalon_jtag_uart_read.o)
 .debug_abbrev  0x00000000000008e4      0x1a8 ../blinky_bsp/\libhal_bsp.a(altera_avalon_jtag_uart_write.o)
 .debug_abbrev  0x0000000000000a8c      0x162 ../blinky_bsp/\libhal_bsp.a(alt_alarm_start.o)
 .debug_abbrev  0x0000000000000bee      0x11f ../blinky_bsp/\libhal_bsp.a(alt_close.o)
 .debug_abbrev  0x0000000000000d0d       0x42 ../blinky_bsp/\libhal_bsp.a(alt_dcache_flush_all.o)
 .debug_abbrev  0x0000000000000d4f       0xd9 ../blinky_bsp/\libhal_bsp.a(alt_dev.o)
 .debug_abbrev  0x0000000000000e28      0x114 ../blinky_bsp/\libhal_bsp.a(alt_dev_llist_insert.o)
 .debug_abbrev  0x0000000000000f3c       0x79 ../blinky_bsp/\libhal_bsp.a(alt_do_ctors.o)
 .debug_abbrev  0x0000000000000fb5       0x79 ../blinky_bsp/\libhal_bsp.a(alt_do_dtors.o)
 .debug_abbrev  0x000000000000102e       0x5a ../blinky_bsp/\libhal_bsp.a(alt_errno.o)
 .debug_abbrev  0x0000000000001088       0x42 ../blinky_bsp/\libhal_bsp.a(alt_icache_flush_all.o)
 .debug_abbrev  0x00000000000010ca      0x163 ../blinky_bsp/\libhal_bsp.a(alt_iic.o)
 .debug_abbrev  0x000000000000122d      0x169 ../blinky_bsp/\libhal_bsp.a(alt_iic_isr_register.o)
 .debug_abbrev  0x0000000000001396      0x114 ../blinky_bsp/\libhal_bsp.a(alt_io_redirect.o)
 .debug_abbrev  0x00000000000014aa       0x12 ../blinky_bsp/\libhal_bsp.a(alt_irq_entry.o)
 .debug_abbrev  0x00000000000014bc      0x122 ../blinky_bsp/\libhal_bsp.a(alt_irq_handler.o)
 .debug_abbrev  0x00000000000015de       0x40 ../blinky_bsp/\libhal_bsp.a(alt_irq_vars.o)
 .debug_abbrev  0x000000000000161e      0x148 ../blinky_bsp/\libhal_bsp.a(alt_open.o)
 .debug_abbrev  0x0000000000001766       0xde ../blinky_bsp/\libhal_bsp.a(alt_release_fd.o)
 .debug_abbrev  0x0000000000001844      0x15a ../blinky_bsp/\libhal_bsp.a(alt_tick.o)
 .debug_abbrev  0x000000000000199e       0x42 ../blinky_bsp/\libhal_bsp.a(altera_nios2_qsys_irq.o)
 .debug_abbrev  0x00000000000019e0       0x12 ../blinky_bsp/\libhal_bsp.a(alt_exception_entry.o)
 .debug_abbrev  0x00000000000019f2       0xf0 ../blinky_bsp/\libhal_bsp.a(alt_find_dev.o)
 .debug_abbrev  0x0000000000001ae2       0xf0 ../blinky_bsp/\libhal_bsp.a(alt_find_file.o)
 .debug_abbrev  0x0000000000001bd2      0x10d ../blinky_bsp/\libhal_bsp.a(alt_get_fd.o)
 .debug_abbrev  0x0000000000001cdf       0xaa d:/intelfpga/17.1/nios2eds/bin/gnu/h-x86_64-mingw32/bin/../lib/gcc/nios2-elf/5.3.0/../../../../../H-x86_64-mingw32/nios2-elf/lib/mno-hw-mul\libc.a(lib_a-atexit.o)
 .debug_abbrev  0x0000000000001d89      0x1e5 d:/intelfpga/17.1/nios2eds/bin/gnu/h-x86_64-mingw32/bin/../lib/gcc/nios2-elf/5.3.0/../../../../../H-x86_64-mingw32/nios2-elf/lib/mno-hw-mul\libc.a(lib_a-exit.o)
 .debug_abbrev  0x0000000000001f6e      0x18f d:/intelfpga/17.1/nios2eds/bin/gnu/h-x86_64-mingw32/bin/../lib/gcc/nios2-elf/5.3.0/../../../../../H-x86_64-mingw32/nios2-elf/lib/mno-hw-mul\libc.a(lib_a-impure.o)
 .debug_abbrev  0x00000000000020fd       0x37 d:/intelfpga/17.1/nios2eds/bin/gnu/h-x86_64-mingw32/bin/../lib/gcc/nios2-elf/5.3.0/../../../../../H-x86_64-mingw32/nios2-elf/lib/mno-hw-mul\libc.a(lib_a-int_errno.o)
 .debug_abbrev  0x0000000000002134       0x7f d:/intelfpga/17.1/nios2eds/bin/gnu/h-x86_64-mingw32/bin/../lib/gcc/nios2-elf/5.3.0/../../../../../H-x86_64-mingw32/nios2-elf/lib/mno-hw-mul\libc.a(lib_a-memcmp.o)
 .debug_abbrev  0x00000000000021b3       0xa3 d:/intelfpga/17.1/nios2eds/bin/gnu/h-x86_64-mingw32/bin/../lib/gcc/nios2-elf/5.3.0/../../../../../H-x86_64-mingw32/nios2-elf/lib/mno-hw-mul\libc.a(lib_a-memcpy.o)
 .debug_abbrev  0x0000000000002256       0x90 d:/intelfpga/17.1/nios2eds/bin/gnu/h-x86_64-mingw32/bin/../lib/gcc/nios2-elf/5.3.0/../../../../../H-x86_64-mingw32/nios2-elf/lib/mno-hw-mul\libc.a(lib_a-strlen.o)
 .debug_abbrev  0x00000000000022e6      0x21e d:/intelfpga/17.1/nios2eds/bin/gnu/h-x86_64-mingw32/bin/../lib/gcc/nios2-elf/5.3.0/../../../../../H-x86_64-mingw32/nios2-elf/lib/mno-hw-mul\libc.a(lib_a-__atexit.o)
 .debug_abbrev  0x0000000000002504      0x22e d:/intelfpga/17.1/nios2eds/bin/gnu/h-x86_64-mingw32/bin/../lib/gcc/nios2-elf/5.3.0/../../../../../H-x86_64-mingw32/nios2-elf/lib/mno-hw-mul\libc.a(lib_a-__call_atexit.o)
 .debug_abbrev  0x0000000000002732       0x6f d:/intelfpga/17.1/nios2eds/bin/gnu/h-x86_64-mingw32/bin/../lib/gcc/nios2-elf/5.3.0/mno-hw-mul\libgcc.a(lib2-mul.o)
 .debug_abbrev  0x00000000000027a1       0xa9 ../blinky_bsp/\libhal_bsp.a(alt_exit.o)

.debug_line     0x0000000000000000     0x2885
 *(.debug_line)
 .debug_line    0x0000000000000000       0x66 ../blinky_bsp//obj/HAL/src/crt0.o
 .debug_line    0x0000000000000066       0x42 obj/default/hello_world.o
 .debug_line    0x00000000000000a8       0x8e ../blinky_bsp/\libhal_bsp.a(alt_load.o)
 .debug_line    0x0000000000000136       0xa4 ../blinky_bsp/\libhal_bsp.a(alt_main.o)
 .debug_line    0x00000000000001da      0x136 ../blinky_bsp/\libhal_bsp.a(alt_sys_init.o)
 .debug_line    0x0000000000000310      0x12f ../blinky_bsp/\libhal_bsp.a(altera_avalon_jtag_uart_fd.o)
 .debug_line    0x000000000000043f      0x18b ../blinky_bsp/\libhal_bsp.a(altera_avalon_jtag_uart_init.o)
 .debug_line    0x00000000000005ca      0x131 ../blinky_bsp/\libhal_bsp.a(altera_avalon_jtag_uart_ioctl.o)
 .debug_line    0x00000000000006fb      0x171 ../blinky_bsp/\libhal_bsp.a(altera_avalon_jtag_uart_read.o)
 .debug_line    0x000000000000086c      0x170 ../blinky_bsp/\libhal_bsp.a(altera_avalon_jtag_uart_write.o)
 .debug_line    0x00000000000009dc       0xf9 ../blinky_bsp/\libhal_bsp.a(alt_alarm_start.o)
 .debug_line    0x0000000000000ad5      0x160 ../blinky_bsp/\libhal_bsp.a(alt_close.o)
 .debug_line    0x0000000000000c35       0x51 ../blinky_bsp/\libhal_bsp.a(alt_dcache_flush_all.o)
 .debug_line    0x0000000000000c86       0xf3 ../blinky_bsp/\libhal_bsp.a(alt_dev.o)
 .debug_line    0x0000000000000d79       0xcf ../blinky_bsp/\libhal_bsp.a(alt_dev_llist_insert.o)
 .debug_line    0x0000000000000e48       0x59 ../blinky_bsp/\libhal_bsp.a(alt_do_ctors.o)
 .debug_line    0x0000000000000ea1       0x59 ../blinky_bsp/\libhal_bsp.a(alt_do_dtors.o)
 .debug_line    0x0000000000000efa       0x51 ../blinky_bsp/\libhal_bsp.a(alt_errno.o)
 .debug_line    0x0000000000000f4b       0x4f ../blinky_bsp/\libhal_bsp.a(alt_icache_flush_all.o)
 .debug_line    0x0000000000000f9a       0xeb ../blinky_bsp/\libhal_bsp.a(alt_iic.o)
 .debug_line    0x0000000000001085       0xdb ../blinky_bsp/\libhal_bsp.a(alt_iic_isr_register.o)
 .debug_line    0x0000000000001160      0x130 ../blinky_bsp/\libhal_bsp.a(alt_io_redirect.o)
 .debug_line    0x0000000000001290       0x6b ../blinky_bsp/\libhal_bsp.a(alt_irq_entry.o)
 .debug_line    0x00000000000012fb       0xaa ../blinky_bsp/\libhal_bsp.a(alt_irq_handler.o)
 .debug_line    0x00000000000013a5       0x50 ../blinky_bsp/\libhal_bsp.a(alt_irq_vars.o)
 .debug_line    0x00000000000013f5      0x12b ../blinky_bsp/\libhal_bsp.a(alt_open.o)
 .debug_line    0x0000000000001520       0xb0 ../blinky_bsp/\libhal_bsp.a(alt_release_fd.o)
 .debug_line    0x00000000000015d0       0xff ../blinky_bsp/\libhal_bsp.a(alt_tick.o)
 .debug_line    0x00000000000016cf       0x51 ../blinky_bsp/\libhal_bsp.a(altera_nios2_qsys_irq.o)
 .debug_line    0x0000000000001720       0xab ../blinky_bsp/\libhal_bsp.a(alt_exception_entry.o)
 .debug_line    0x00000000000017cb       0xb5 ../blinky_bsp/\libhal_bsp.a(alt_find_dev.o)
 .debug_line    0x0000000000001880       0xd1 ../blinky_bsp/\libhal_bsp.a(alt_find_file.o)
 .debug_line    0x0000000000001951       0xd7 ../blinky_bsp/\libhal_bsp.a(alt_get_fd.o)
 .debug_line    0x0000000000001a28       0xe7 d:/intelfpga/17.1/nios2eds/bin/gnu/h-x86_64-mingw32/bin/../lib/gcc/nios2-elf/5.3.0/../../../../../H-x86_64-mingw32/nios2-elf/lib/mno-hw-mul\libc.a(lib_a-atexit.o)
 .debug_line    0x0000000000001b0f      0x1fc d:/intelfpga/17.1/nios2eds/bin/gnu/h-x86_64-mingw32/bin/../lib/gcc/nios2-elf/5.3.0/../../../../../H-x86_64-mingw32/nios2-elf/lib/mno-hw-mul\libc.a(lib_a-exit.o)
 .debug_line    0x0000000000001d0b      0x160 d:/intelfpga/17.1/nios2eds/bin/gnu/h-x86_64-mingw32/bin/../lib/gcc/nios2-elf/5.3.0/../../../../../H-x86_64-mingw32/nios2-elf/lib/mno-hw-mul\libc.a(lib_a-impure.o)
 .debug_line    0x0000000000001e6b       0x5f d:/intelfpga/17.1/nios2eds/bin/gnu/h-x86_64-mingw32/bin/../lib/gcc/nios2-elf/5.3.0/../../../../../H-x86_64-mingw32/nios2-elf/lib/mno-hw-mul\libc.a(lib_a-int_errno.o)
 .debug_line    0x0000000000001eca      0x176 d:/intelfpga/17.1/nios2eds/bin/gnu/h-x86_64-mingw32/bin/../lib/gcc/nios2-elf/5.3.0/../../../../../H-x86_64-mingw32/nios2-elf/lib/mno-hw-mul\libc.a(lib_a-memcmp.o)
 .debug_line    0x0000000000002040      0x18c d:/intelfpga/17.1/nios2eds/bin/gnu/h-x86_64-mingw32/bin/../lib/gcc/nios2-elf/5.3.0/../../../../../H-x86_64-mingw32/nios2-elf/lib/mno-hw-mul\libc.a(lib_a-memcpy.o)
 .debug_line    0x00000000000021cc      0x16f d:/intelfpga/17.1/nios2eds/bin/gnu/h-x86_64-mingw32/bin/../lib/gcc/nios2-elf/5.3.0/../../../../../H-x86_64-mingw32/nios2-elf/lib/mno-hw-mul\libc.a(lib_a-strlen.o)
 .debug_line    0x000000000000233b      0x21f d:/intelfpga/17.1/nios2eds/bin/gnu/h-x86_64-mingw32/bin/../lib/gcc/nios2-elf/5.3.0/../../../../../H-x86_64-mingw32/nios2-elf/lib/mno-hw-mul\libc.a(lib_a-__atexit.o)
 .debug_line    0x000000000000255a      0x23a d:/intelfpga/17.1/nios2eds/bin/gnu/h-x86_64-mingw32/bin/../lib/gcc/nios2-elf/5.3.0/../../../../../H-x86_64-mingw32/nios2-elf/lib/mno-hw-mul\libc.a(lib_a-__call_atexit.o)
 .debug_line    0x0000000000002794       0x80 d:/intelfpga/17.1/nios2eds/bin/gnu/h-x86_64-mingw32/bin/../lib/gcc/nios2-elf/5.3.0/mno-hw-mul\libgcc.a(lib2-mul.o)
 .debug_line    0x0000000000002814       0x71 ../blinky_bsp/\libhal_bsp.a(alt_exit.o)

.debug_frame    0x0000000000000000      0xa50
 *(.debug_frame)
 .debug_frame   0x0000000000000000       0x34 obj/default/hello_world.o
 .debug_frame   0x0000000000000034       0x5c ../blinky_bsp/\libhal_bsp.a(alt_load.o)
 .debug_frame   0x0000000000000090       0x2c ../blinky_bsp/\libhal_bsp.a(alt_main.o)
 .debug_frame   0x00000000000000bc       0x88 ../blinky_bsp/\libhal_bsp.a(alt_sys_init.o)
 .debug_frame   0x0000000000000144       0xb0 ../blinky_bsp/\libhal_bsp.a(altera_avalon_jtag_uart_fd.o)
 .debug_frame   0x00000000000001f4       0xa4 ../blinky_bsp/\libhal_bsp.a(altera_avalon_jtag_uart_init.o)
 .debug_frame   0x0000000000000298       0x34 ../blinky_bsp/\libhal_bsp.a(altera_avalon_jtag_uart_ioctl.o)
 .debug_frame   0x00000000000002cc       0x38 ../blinky_bsp/\libhal_bsp.a(altera_avalon_jtag_uart_read.o)
 .debug_frame   0x0000000000000304       0x38 ../blinky_bsp/\libhal_bsp.a(altera_avalon_jtag_uart_write.o)
 .debug_frame   0x000000000000033c       0x34 ../blinky_bsp/\libhal_bsp.a(alt_alarm_start.o)
 .debug_frame   0x0000000000000370       0x60 ../blinky_bsp/\libhal_bsp.a(alt_close.o)
 .debug_frame   0x00000000000003d0       0x34 ../blinky_bsp/\libhal_bsp.a(alt_dcache_flush_all.o)
 .debug_frame   0x0000000000000404       0x34 ../blinky_bsp/\libhal_bsp.a(alt_dev.o)
 .debug_frame   0x0000000000000438       0x60 ../blinky_bsp/\libhal_bsp.a(alt_dev_llist_insert.o)
 .debug_frame   0x0000000000000498       0x38 ../blinky_bsp/\libhal_bsp.a(alt_do_ctors.o)
 .debug_frame   0x00000000000004d0       0x38 ../blinky_bsp/\libhal_bsp.a(alt_do_dtors.o)
 .debug_frame   0x0000000000000508       0x34 ../blinky_bsp/\libhal_bsp.a(alt_icache_flush_all.o)
 .debug_frame   0x000000000000053c       0xa4 ../blinky_bsp/\libhal_bsp.a(alt_iic.o)
 .debug_frame   0x00000000000005e0       0x38 ../blinky_bsp/\libhal_bsp.a(alt_iic_isr_register.o)
 .debug_frame   0x0000000000000618       0x64 ../blinky_bsp/\libhal_bsp.a(alt_io_redirect.o)
 .debug_frame   0x000000000000067c       0x38 ../blinky_bsp/\libhal_bsp.a(alt_irq_handler.o)
 .debug_frame   0x00000000000006b4       0x8c ../blinky_bsp/\libhal_bsp.a(alt_open.o)
 .debug_frame   0x0000000000000740       0x3c ../blinky_bsp/\libhal_bsp.a(alt_release_fd.o)
 .debug_frame   0x000000000000077c       0x5c ../blinky_bsp/\libhal_bsp.a(alt_tick.o)
 .debug_frame   0x00000000000007d8       0x34 ../blinky_bsp/\libhal_bsp.a(altera_nios2_qsys_irq.o)
 .debug_frame   0x000000000000080c       0x38 ../blinky_bsp/\libhal_bsp.a(alt_find_dev.o)
 .debug_frame   0x0000000000000844       0x38 ../blinky_bsp/\libhal_bsp.a(alt_find_file.o)
 .debug_frame   0x000000000000087c       0x3c ../blinky_bsp/\libhal_bsp.a(alt_get_fd.o)
 .debug_frame   0x00000000000008b8       0x20 d:/intelfpga/17.1/nios2eds/bin/gnu/h-x86_64-mingw32/bin/../lib/gcc/nios2-elf/5.3.0/../../../../../H-x86_64-mingw32/nios2-elf/lib/mno-hw-mul\libc.a(lib_a-atexit.o)
 .debug_frame   0x00000000000008d8       0x28 d:/intelfpga/17.1/nios2eds/bin/gnu/h-x86_64-mingw32/bin/../lib/gcc/nios2-elf/5.3.0/../../../../../H-x86_64-mingw32/nios2-elf/lib/mno-hw-mul\libc.a(lib_a-exit.o)
 .debug_frame   0x0000000000000900       0x20 d:/intelfpga/17.1/nios2eds/bin/gnu/h-x86_64-mingw32/bin/../lib/gcc/nios2-elf/5.3.0/../../../../../H-x86_64-mingw32/nios2-elf/lib/mno-hw-mul\libc.a(lib_a-memcmp.o)
 .debug_frame   0x0000000000000920       0x38 d:/intelfpga/17.1/nios2eds/bin/gnu/h-x86_64-mingw32/bin/../lib/gcc/nios2-elf/5.3.0/../../../../../H-x86_64-mingw32/nios2-elf/lib/mno-hw-mul\libc.a(lib_a-memcpy.o)
 .debug_frame   0x0000000000000958       0x20 d:/intelfpga/17.1/nios2eds/bin/gnu/h-x86_64-mingw32/bin/../lib/gcc/nios2-elf/5.3.0/../../../../../H-x86_64-mingw32/nios2-elf/lib/mno-hw-mul\libc.a(lib_a-strlen.o)
 .debug_frame   0x0000000000000978       0x38 d:/intelfpga/17.1/nios2eds/bin/gnu/h-x86_64-mingw32/bin/../lib/gcc/nios2-elf/5.3.0/../../../../../H-x86_64-mingw32/nios2-elf/lib/mno-hw-mul\libc.a(lib_a-__atexit.o)
 .debug_frame   0x00000000000009b0       0x54 d:/intelfpga/17.1/nios2eds/bin/gnu/h-x86_64-mingw32/bin/../lib/gcc/nios2-elf/5.3.0/../../../../../H-x86_64-mingw32/nios2-elf/lib/mno-hw-mul\libc.a(lib_a-__call_atexit.o)
 .debug_frame   0x0000000000000a04       0x20 d:/intelfpga/17.1/nios2eds/bin/gnu/h-x86_64-mingw32/bin/../lib/gcc/nios2-elf/5.3.0/mno-hw-mul\libgcc.a(lib2-mul.o)
 .debug_frame   0x0000000000000a24       0x2c ../blinky_bsp/\libhal_bsp.a(alt_exit.o)

.debug_str      0x0000000000000000     0x16e3
 *(.debug_str)
 .debug_str     0x0000000000000000       0xf9 obj/default/hello_world.o
                                        0x137 (size before relaxing)
 .debug_str     0x00000000000000f9      0x12d ../blinky_bsp/\libhal_bsp.a(alt_load.o)
                                        0x214 (size before relaxing)
 .debug_str     0x0000000000000226       0x70 ../blinky_bsp/\libhal_bsp.a(alt_main.o)
                                        0x19f (size before relaxing)
 .debug_str     0x0000000000000296      0x1a2 ../blinky_bsp/\libhal_bsp.a(alt_sys_init.o)
                                        0x35a (size before relaxing)
 .debug_str     0x0000000000000438       0xb9 ../blinky_bsp/\libhal_bsp.a(altera_avalon_jtag_uart_fd.o)
                                        0x3a6 (size before relaxing)
 .debug_str     0x00000000000004f1       0xd1 ../blinky_bsp/\libhal_bsp.a(altera_avalon_jtag_uart_init.o)
                                        0x33a (size before relaxing)
 .debug_str     0x00000000000005c2       0x4a ../blinky_bsp/\libhal_bsp.a(altera_avalon_jtag_uart_ioctl.o)
                                        0x295 (size before relaxing)
 .debug_str     0x000000000000060c       0x7f ../blinky_bsp/\libhal_bsp.a(altera_avalon_jtag_uart_read.o)
                                        0x2ea (size before relaxing)
 .debug_str     0x000000000000068b       0x4a ../blinky_bsp/\libhal_bsp.a(altera_avalon_jtag_uart_write.o)
                                        0x2eb (size before relaxing)
 .debug_str     0x00000000000006d5       0x5f ../blinky_bsp/\libhal_bsp.a(alt_alarm_start.o)
                                        0x280 (size before relaxing)
 .debug_str     0x0000000000000734       0x44 ../blinky_bsp/\libhal_bsp.a(alt_close.o)
                                        0x20d (size before relaxing)
 .debug_str     0x0000000000000778       0x34 ../blinky_bsp/\libhal_bsp.a(alt_dcache_flush_all.o)
                                        0x157 (size before relaxing)
 .debug_str     0x00000000000007ac      0x120 ../blinky_bsp/\libhal_bsp.a(alt_dev.o)
                                        0x307 (size before relaxing)
 .debug_str     0x00000000000008cc       0x34 ../blinky_bsp/\libhal_bsp.a(alt_dev_llist_insert.o)
                                        0x1ce (size before relaxing)
 .debug_str     0x0000000000000900       0x48 ../blinky_bsp/\libhal_bsp.a(alt_do_ctors.o)
                                         0xd2 (size before relaxing)
 .debug_str     0x0000000000000948       0x4c ../blinky_bsp/\libhal_bsp.a(alt_do_dtors.o)
                                         0xd1 (size before relaxing)
 .debug_str     0x0000000000000994       0x14 ../blinky_bsp/\libhal_bsp.a(alt_errno.o)
                                        0x147 (size before relaxing)
 .debug_str     0x00000000000009a8       0x34 ../blinky_bsp/\libhal_bsp.a(alt_icache_flush_all.o)
                                        0x157 (size before relaxing)
 .debug_str     0x00000000000009dc       0xc4 ../blinky_bsp/\libhal_bsp.a(alt_iic.o)
                                        0x240 (size before relaxing)
 .debug_str     0x0000000000000aa0       0x4c ../blinky_bsp/\libhal_bsp.a(alt_iic_isr_register.o)
                                        0x1ea (size before relaxing)
 .debug_str     0x0000000000000aec       0x56 ../blinky_bsp/\libhal_bsp.a(alt_io_redirect.o)
                                        0x318 (size before relaxing)
 .debug_str     0x0000000000000b42       0x3a ../blinky_bsp/\libhal_bsp.a(alt_irq_handler.o)
                                        0x199 (size before relaxing)
 .debug_str     0x0000000000000b7c       0x17 ../blinky_bsp/\libhal_bsp.a(alt_irq_vars.o)
                                        0x13c (size before relaxing)
 .debug_str     0x0000000000000b93       0x2f ../blinky_bsp/\libhal_bsp.a(alt_open.o)
                                        0x24d (size before relaxing)
 .debug_str     0x0000000000000bc2       0x28 ../blinky_bsp/\libhal_bsp.a(alt_release_fd.o)
                                        0x1d5 (size before relaxing)
 .debug_str     0x0000000000000bea       0x4a ../blinky_bsp/\libhal_bsp.a(alt_tick.o)
                                        0x254 (size before relaxing)
 .debug_str     0x0000000000000c34       0x3b ../blinky_bsp/\libhal_bsp.a(altera_nios2_qsys_irq.o)
                                        0x15e (size before relaxing)
 .debug_str     0x0000000000000c6f       0x24 ../blinky_bsp/\libhal_bsp.a(alt_find_dev.o)
                                        0x1ee (size before relaxing)
 .debug_str     0x0000000000000c93       0x26 ../blinky_bsp/\libhal_bsp.a(alt_find_file.o)
                                        0x1fc (size before relaxing)
 .debug_str     0x0000000000000cb9       0x30 ../blinky_bsp/\libhal_bsp.a(alt_get_fd.o)
                                        0x21e (size before relaxing)
 .debug_str     0x0000000000000ce9      0x17c d:/intelfpga/17.1/nios2eds/bin/gnu/h-x86_64-mingw32/bin/../lib/gcc/nios2-elf/5.3.0/../../../../../H-x86_64-mingw32/nios2-elf/lib/mno-hw-mul\libc.a(lib_a-atexit.o)
                                        0x221 (size before relaxing)
 .debug_str     0x0000000000000e65      0x3bd d:/intelfpga/17.1/nios2eds/bin/gnu/h-x86_64-mingw32/bin/../lib/gcc/nios2-elf/5.3.0/../../../../../H-x86_64-mingw32/nios2-elf/lib/mno-hw-mul\libc.a(lib_a-exit.o)
                                        0x5be (size before relaxing)
 .debug_str     0x0000000000001222       0xd6 d:/intelfpga/17.1/nios2eds/bin/gnu/h-x86_64-mingw32/bin/../lib/gcc/nios2-elf/5.3.0/../../../../../H-x86_64-mingw32/nios2-elf/lib/mno-hw-mul\libc.a(lib_a-impure.o)
                                        0x5b5 (size before relaxing)
 .debug_str     0x00000000000012f8       0x3f d:/intelfpga/17.1/nios2eds/bin/gnu/h-x86_64-mingw32/bin/../lib/gcc/nios2-elf/5.3.0/../../../../../H-x86_64-mingw32/nios2-elf/lib/mno-hw-mul\libc.a(lib_a-int_errno.o)
                                        0x1dd (size before relaxing)
 .debug_str     0x0000000000001337       0xda d:/intelfpga/17.1/nios2eds/bin/gnu/h-x86_64-mingw32/bin/../lib/gcc/nios2-elf/5.3.0/../../../../../H-x86_64-mingw32/nios2-elf/lib/mno-hw-mul\libc.a(lib_a-memcmp.o)
                                        0x1e4 (size before relaxing)
 .debug_str     0x0000000000001411       0x6b d:/intelfpga/17.1/nios2eds/bin/gnu/h-x86_64-mingw32/bin/../lib/gcc/nios2-elf/5.3.0/../../../../../H-x86_64-mingw32/nios2-elf/lib/mno-hw-mul\libc.a(lib_a-memcpy.o)
                                        0x20b (size before relaxing)
 .debug_str     0x000000000000147c       0x51 d:/intelfpga/17.1/nios2eds/bin/gnu/h-x86_64-mingw32/bin/../lib/gcc/nios2-elf/5.3.0/../../../../../H-x86_64-mingw32/nios2-elf/lib/mno-hw-mul\libc.a(lib_a-strlen.o)
                                        0x1f7 (size before relaxing)
 .debug_str     0x00000000000014cd       0x3f d:/intelfpga/17.1/nios2eds/bin/gnu/h-x86_64-mingw32/bin/../lib/gcc/nios2-elf/5.3.0/../../../../../H-x86_64-mingw32/nios2-elf/lib/mno-hw-mul\libc.a(lib_a-__atexit.o)
                                        0x5f6 (size before relaxing)
 .debug_str     0x000000000000150c       0x65 d:/intelfpga/17.1/nios2eds/bin/gnu/h-x86_64-mingw32/bin/../lib/gcc/nios2-elf/5.3.0/../../../../../H-x86_64-mingw32/nios2-elf/lib/mno-hw-mul\libc.a(lib_a-__call_atexit.o)
                                        0x5e2 (size before relaxing)
 .debug_str     0x0000000000001571      0x148 d:/intelfpga/17.1/nios2eds/bin/gnu/h-x86_64-mingw32/bin/../lib/gcc/nios2-elf/5.3.0/mno-hw-mul\libgcc.a(lib2-mul.o)
                                        0x193 (size before relaxing)
 .debug_str     0x00000000000016b9       0x2a ../blinky_bsp/\libhal_bsp.a(alt_exit.o)
                                        0x153 (size before relaxing)

.debug_loc      0x0000000000000000      0x803
 *(.debug_loc)
 .debug_loc     0x0000000000000000       0x2c d:/intelfpga/17.1/nios2eds/bin/gnu/h-x86_64-mingw32/bin/../lib/gcc/nios2-elf/5.3.0/../../../../../H-x86_64-mingw32/nios2-elf/lib/mno-hw-mul\libc.a(lib_a-atexit.o)
 .debug_loc     0x000000000000002c       0x1e d:/intelfpga/17.1/nios2eds/bin/gnu/h-x86_64-mingw32/bin/../lib/gcc/nios2-elf/5.3.0/../../../../../H-x86_64-mingw32/nios2-elf/lib/mno-hw-mul\libc.a(lib_a-exit.o)
 .debug_loc     0x000000000000004a      0x126 d:/intelfpga/17.1/nios2eds/bin/gnu/h-x86_64-mingw32/bin/../lib/gcc/nios2-elf/5.3.0/../../../../../H-x86_64-mingw32/nios2-elf/lib/mno-hw-mul\libc.a(lib_a-memcmp.o)
 .debug_loc     0x0000000000000170      0x266 d:/intelfpga/17.1/nios2eds/bin/gnu/h-x86_64-mingw32/bin/../lib/gcc/nios2-elf/5.3.0/../../../../../H-x86_64-mingw32/nios2-elf/lib/mno-hw-mul\libc.a(lib_a-memcpy.o)
 .debug_loc     0x00000000000003d6       0x47 d:/intelfpga/17.1/nios2eds/bin/gnu/h-x86_64-mingw32/bin/../lib/gcc/nios2-elf/5.3.0/../../../../../H-x86_64-mingw32/nios2-elf/lib/mno-hw-mul\libc.a(lib_a-strlen.o)
 .debug_loc     0x000000000000041d      0x185 d:/intelfpga/17.1/nios2eds/bin/gnu/h-x86_64-mingw32/bin/../lib/gcc/nios2-elf/5.3.0/../../../../../H-x86_64-mingw32/nios2-elf/lib/mno-hw-mul\libc.a(lib_a-__atexit.o)
 .debug_loc     0x00000000000005a2      0x1ce d:/intelfpga/17.1/nios2eds/bin/gnu/h-x86_64-mingw32/bin/../lib/gcc/nios2-elf/5.3.0/../../../../../H-x86_64-mingw32/nios2-elf/lib/mno-hw-mul\libc.a(lib_a-__call_atexit.o)
 .debug_loc     0x0000000000000770       0x93 d:/intelfpga/17.1/nios2eds/bin/gnu/h-x86_64-mingw32/bin/../lib/gcc/nios2-elf/5.3.0/mno-hw-mul\libgcc.a(lib2-mul.o)

.debug_macinfo
 *(.debug_macinfo)

.debug_weaknames
 *(.debug_weaknames)

.debug_funcnames
 *(.debug_funcnames)

.debug_typenames
 *(.debug_typenames)

.debug_varnames
 *(.debug_varnames)

.debug_alt_sim_info
                0x0000000000000000       0x10
 *(.debug_alt_sim_info)
 .debug_alt_sim_info
                0x0000000000000000       0x10 ../blinky_bsp//obj/HAL/src/crt0.o
                0x0000000000010000                __alt_data_end = 0x10000
                0x0000000000010000                PROVIDE (__alt_stack_pointer, __alt_data_end)
                [!provide]                        PROVIDE (__alt_stack_limit, __alt_stack_base)
                [!provide]                        PROVIDE (__alt_heap_start, end)
                [!provide]                        PROVIDE (__alt_heap_limit, 0x10000)
OUTPUT(blinky.elf elf32-littlenios2)

.debug_ranges   0x0000000000000000      0x160
 .debug_ranges  0x0000000000000000       0x20 ../blinky_bsp//obj/HAL/src/crt0.o
 .debug_ranges  0x0000000000000020       0x30 ../blinky_bsp/\libhal_bsp.a(altera_avalon_jtag_uart_init.o)
 .debug_ranges  0x0000000000000050       0x18 ../blinky_bsp/\libhal_bsp.a(altera_avalon_jtag_uart_read.o)
 .debug_ranges  0x0000000000000068       0x28 ../blinky_bsp/\libhal_bsp.a(alt_irq_entry.o)
 .debug_ranges  0x0000000000000090       0x10 ../blinky_bsp/\libhal_bsp.a(alt_irq_handler.o)
 .debug_ranges  0x00000000000000a0       0x30 ../blinky_bsp/\libhal_bsp.a(alt_exception_entry.o)
 .debug_ranges  0x00000000000000d0       0x10 d:/intelfpga/17.1/nios2eds/bin/gnu/h-x86_64-mingw32/bin/../lib/gcc/nios2-elf/5.3.0/../../../../../H-x86_64-mingw32/nios2-elf/lib/mno-hw-mul\libc.a(lib_a-atexit.o)
 .debug_ranges  0x00000000000000e0       0x10 d:/intelfpga/17.1/nios2eds/bin/gnu/h-x86_64-mingw32/bin/../lib/gcc/nios2-elf/5.3.0/../../../../../H-x86_64-mingw32/nios2-elf/lib/mno-hw-mul\libc.a(lib_a-exit.o)
 .debug_ranges  0x00000000000000f0       0x10 d:/intelfpga/17.1/nios2eds/bin/gnu/h-x86_64-mingw32/bin/../lib/gcc/nios2-elf/5.3.0/../../../../../H-x86_64-mingw32/nios2-elf/lib/mno-hw-mul\libc.a(lib_a-memcmp.o)
 .debug_ranges  0x0000000000000100       0x10 d:/intelfpga/17.1/nios2eds/bin/gnu/h-x86_64-mingw32/bin/../lib/gcc/nios2-elf/5.3.0/../../../../../H-x86_64-mingw32/nios2-elf/lib/mno-hw-mul\libc.a(lib_a-memcpy.o)
 .debug_ranges  0x0000000000000110       0x10 d:/intelfpga/17.1/nios2eds/bin/gnu/h-x86_64-mingw32/bin/../lib/gcc/nios2-elf/5.3.0/../../../../../H-x86_64-mingw32/nios2-elf/lib/mno-hw-mul\libc.a(lib_a-strlen.o)
 .debug_ranges  0x0000000000000120       0x10 d:/intelfpga/17.1/nios2eds/bin/gnu/h-x86_64-mingw32/bin/../lib/gcc/nios2-elf/5.3.0/../../../../../H-x86_64-mingw32/nios2-elf/lib/mno-hw-mul\libc.a(lib_a-__atexit.o)
 .debug_ranges  0x0000000000000130       0x30 d:/intelfpga/17.1/nios2eds/bin/gnu/h-x86_64-mingw32/bin/../lib/gcc/nios2-elf/5.3.0/../../../../../H-x86_64-mingw32/nios2-elf/lib/mno-hw-mul\libc.a(lib_a-__call_atexit.o)
